Archive member included to satisfy reference by file (symbol)

e:/7a6437206436de97/drive/projetos pessoais/temporizador/programa/gcc-arm-none-eabi-win32/bin/../lib/gcc/arm-none-eabi/5.4.1/../../../../arm-none-eabi/lib/armv7-m\libc.a(lib_a-errno.o)
                              src\newlib_stubs.o (__errno)
e:/7a6437206436de97/drive/projetos pessoais/temporizador/programa/gcc-arm-none-eabi-win32/bin/../lib/gcc/arm-none-eabi/5.4.1/../../../../arm-none-eabi/lib/armv7-m\libc.a(lib_a-exit.o)
                              e:/7a6437206436de97/drive/projetos pessoais/temporizador/programa/gcc-arm-none-eabi-win32/bin/../lib/gcc/arm-none-eabi/5.4.1/../../../../arm-none-eabi/lib/armv7-m/crt0.o (exit)
e:/7a6437206436de97/drive/projetos pessoais/temporizador/programa/gcc-arm-none-eabi-win32/bin/../lib/gcc/arm-none-eabi/5.4.1/../../../../arm-none-eabi/lib/armv7-m\libc.a(lib_a-impure.o)
                              e:/7a6437206436de97/drive/projetos pessoais/temporizador/programa/gcc-arm-none-eabi-win32/bin/../lib/gcc/arm-none-eabi/5.4.1/../../../../arm-none-eabi/lib/armv7-m\libc.a(lib_a-exit.o) (_global_impure_ptr)
e:/7a6437206436de97/drive/projetos pessoais/temporizador/programa/gcc-arm-none-eabi-win32/bin/../lib/gcc/arm-none-eabi/5.4.1/../../../../arm-none-eabi/lib/armv7-m\libc.a(lib_a-init.o)
                              e:/7a6437206436de97/drive/projetos pessoais/temporizador/programa/gcc-arm-none-eabi-win32/bin/../lib/gcc/arm-none-eabi/5.4.1/../../../../arm-none-eabi/lib/armv7-m/crt0.o (__libc_init_array)
e:/7a6437206436de97/drive/projetos pessoais/temporizador/programa/gcc-arm-none-eabi-win32/bin/../lib/gcc/arm-none-eabi/5.4.1/../../../../arm-none-eabi/lib/armv7-m\libc.a(lib_a-memset.o)
                              e:/7a6437206436de97/drive/projetos pessoais/temporizador/programa/gcc-arm-none-eabi-win32/bin/../lib/gcc/arm-none-eabi/5.4.1/../../../../arm-none-eabi/lib/armv7-m/crt0.o (memset)
e:/7a6437206436de97/drive/projetos pessoais/temporizador/programa/gcc-arm-none-eabi-win32/bin/../lib/gcc/arm-none-eabi/5.4.1/../../../../arm-none-eabi/lib/armv7-m\libc.a(lib_a-printf.o)
                              src\main.o (printf)
e:/7a6437206436de97/drive/projetos pessoais/temporizador/programa/gcc-arm-none-eabi-win32/bin/../lib/gcc/arm-none-eabi/5.4.1/../../../../arm-none-eabi/lib/armv7-m\libc.a(lib_a-setvbuf.o)
                              src\conf.o (setvbuf)
e:/7a6437206436de97/drive/projetos pessoais/temporizador/programa/gcc-arm-none-eabi-win32/bin/../lib/gcc/arm-none-eabi/5.4.1/../../../../arm-none-eabi/lib/armv7-m\libc.a(lib_a-vfprintf.o)
                              e:/7a6437206436de97/drive/projetos pessoais/temporizador/programa/gcc-arm-none-eabi-win32/bin/../lib/gcc/arm-none-eabi/5.4.1/../../../../arm-none-eabi/lib/armv7-m\libc.a(lib_a-printf.o) (_vfprintf_r)
e:/7a6437206436de97/drive/projetos pessoais/temporizador/programa/gcc-arm-none-eabi-win32/bin/../lib/gcc/arm-none-eabi/5.4.1/../../../../arm-none-eabi/lib/armv7-m\libc.a(lib_a-wsetup.o)
                              e:/7a6437206436de97/drive/projetos pessoais/temporizador/programa/gcc-arm-none-eabi-win32/bin/../lib/gcc/arm-none-eabi/5.4.1/../../../../arm-none-eabi/lib/armv7-m\libc.a(lib_a-vfprintf.o) (__swsetup_r)
e:/7a6437206436de97/drive/projetos pessoais/temporizador/programa/gcc-arm-none-eabi-win32/bin/../lib/gcc/arm-none-eabi/5.4.1/../../../../arm-none-eabi/lib/armv7-m\libc.a(lib_a-__call_atexit.o)
                              e:/7a6437206436de97/drive/projetos pessoais/temporizador/programa/gcc-arm-none-eabi-win32/bin/../lib/gcc/arm-none-eabi/5.4.1/../../../../arm-none-eabi/lib/armv7-m\libc.a(lib_a-exit.o) (__call_exitprocs)
e:/7a6437206436de97/drive/projetos pessoais/temporizador/programa/gcc-arm-none-eabi-win32/bin/../lib/gcc/arm-none-eabi/5.4.1/../../../../arm-none-eabi/lib/armv7-m\libc.a(lib_a-atexit.o)
                              e:/7a6437206436de97/drive/projetos pessoais/temporizador/programa/gcc-arm-none-eabi-win32/bin/../lib/gcc/arm-none-eabi/5.4.1/../../../../arm-none-eabi/lib/armv7-m\libc.a(lib_a-__call_atexit.o) (atexit)
e:/7a6437206436de97/drive/projetos pessoais/temporizador/programa/gcc-arm-none-eabi-win32/bin/../lib/gcc/arm-none-eabi/5.4.1/../../../../arm-none-eabi/lib/armv7-m\libc.a(lib_a-dtoa.o)
                              e:/7a6437206436de97/drive/projetos pessoais/temporizador/programa/gcc-arm-none-eabi-win32/bin/../lib/gcc/arm-none-eabi/5.4.1/../../../../arm-none-eabi/lib/armv7-m\libc.a(lib_a-vfprintf.o) (_dtoa_r)
e:/7a6437206436de97/drive/projetos pessoais/temporizador/programa/gcc-arm-none-eabi-win32/bin/../lib/gcc/arm-none-eabi/5.4.1/../../../../arm-none-eabi/lib/armv7-m\libc.a(lib_a-fflush.o)
                              e:/7a6437206436de97/drive/projetos pessoais/temporizador/programa/gcc-arm-none-eabi-win32/bin/../lib/gcc/arm-none-eabi/5.4.1/../../../../arm-none-eabi/lib/armv7-m\libc.a(lib_a-setvbuf.o) (_fflush_r)
[...]
Memory Configuration

Name             Origin             Length             Attributes
FLASH            0x08000000         0x00010000         xr
RAM              0x20000000         0x00005000         xrw
MEMORY_B1        0x60000000         0x00000000         xr
*default*        0x00000000         0xffffffff

Linker script and memory map

LOAD e:/7a6437206436de97/drive/projetos pessoais/temporizador/programa/gcc-arm-none-eabi-win32/bin/../lib/gcc/arm-none-eabi/5.4.1/armv7-m/crti.o
LOAD e:/7a6437206436de97/drive/projetos pessoais/temporizador/programa/gcc-arm-none-eabi-win32/bin/../lib/gcc/arm-none-eabi/5.4.1/armv7-m/crtbegin.o
LOAD e:/7a6437206436de97/drive/projetos pessoais/temporizador/programa/gcc-arm-none-eabi-win32/bin/../lib/gcc/arm-none-eabi/5.4.1/../../../../arm-none-eabi/lib/armv7-m/crt0.o
LOAD src\conf.o
LOAD src\config.o
LOAD src\main.o
LOAD src\newlib_stubs.o
LOAD src\startup_stm32f10x_md_vl.o
LOAD src\stm32\misc.o
LOAD src\stm32\stm32f10x_adc.o
LOAD src\stm32\stm32f10x_bkp.o
LOAD src\stm32\stm32f10x_can.o
LOAD src\stm32\stm32f10x_cec.o
LOAD src\stm32\stm32f10x_crc.o
LOAD src\stm32\stm32f10x_dac.o
LOAD src\stm32\stm32f10x_dbgmcu.o
LOAD src\stm32\stm32f10x_dma.o
LOAD src\stm32\stm32f10x_exti.o
LOAD src\stm32\stm32f10x_flash.o
LOAD src\stm32\stm32f10x_fsmc.o
LOAD src\stm32\stm32f10x_gpio.o
LOAD src\stm32\stm32f10x_i2c.o
LOAD src\stm32\stm32f10x_iwdg.o
LOAD src\stm32\stm32f10x_pwr.o
LOAD src\stm32\stm32f10x_rcc.o
LOAD src\stm32\stm32f10x_rtc.o
LOAD src\stm32\stm32f10x_sdio.o
LOAD src\stm32\stm32f10x_spi.o
LOAD src\stm32\stm32f10x_tim.o
LOAD src\stm32\stm32f10x_usart.o
LOAD src\stm32\stm32f10x_wwdg.o
LOAD src\stm32f1xx_it.o
LOAD src\system_stm32f10x.o
START GROUP
LOAD e:/7a6437206436de97/drive/projetos pessoais/temporizador/programa/gcc-arm-none-eabi-win32/bin/../lib/gcc/arm-none-eabi/5.4.1/armv7-m\libgcc.a
LOAD e:/7a6437206436de97/drive/projetos pessoais/temporizador/programa/gcc-arm-none-eabi-win32/bin/../lib/gcc/arm-none-eabi/5.4.1/../../../../arm-none-eabi/lib/armv7-m\libc.a
END GROUP
LOAD e:/7a6437206436de97/drive/projetos pessoais/temporizador/programa/gcc-arm-none-eabi-win32/bin/../lib/gcc/arm-none-eabi/5.4.1/armv7-m/crtend.o
LOAD e:/7a6437206436de97/drive/projetos pessoais/temporizador/programa/gcc-arm-none-eabi-win32/bin/../lib/gcc/arm-none-eabi/5.4.1/armv7-m/crtn.o
                0x20005000                _estack = 0x20005000
                0x00000000                _Min_Heap_Size = 0x0
                0x00000080                _Min_Stack_Size = 0x80

.isr_vector     0x08000000      0x1d0
                0x08000000                . = ALIGN (0x4)
 *(.isr_vector)
 .isr_vector    0x08000000      0x1d0 src\startup_stm32f10x_md_vl.o
                0x08000000                g_pfnVectors
                0x080001d0                . = ALIGN (0x4)

.text           0x080001d0     0x88a0
                0x080001d0                . = ALIGN (0x4)
 *(.text)
 .text          0x080001d0       0x5c e:/7a6437206436de97/drive/projetos pessoais/temporizador/programa/gcc-arm-none-eabi-win32/bin/../lib/gcc/arm-none-eabi/5.4.1/armv7-m/crtbegin.o
 .text          0x0800022c      0x4a4 src\conf.o
                0x0800022c                Delay_us
                0x0800024c                Delay_ms
                0x08000270                Delay_Init
                0x08000368                ADC1_Initm
                0x080003f4                EXTI_config
                0x08000468                usart1_init
                0x08000510                usart2_init
                0x080005e8                usart3_init
                0x080006a0                usart_send
                0x080006b8                usart_send_n
 .text          0x080006d0      0x230 src\main.o
                0x080006d0                atu
                0x0800073c                TIM4_IRQHandler
                0x08000838                pisca_led
                0x08000878                gpio_init
 .text          0x08000900      0x1b0 src\newlib_stubs.o
                0x08000900                _exit
                0x08000924                _close
                0x0800092c                _execve
                0x0800093c                _fork
                0x0800094c                _fstat
                0x08000958                _getpid
                0x0800095c                _isatty
                0x08000974                _kill
                0x08000984                _link
                0x08000994                _lseek
                0x08000998                _sbrk
                0x080009f0                _read
                0x08000a24                _stat
                0x08000a30                _times
                0x08000a38                _unlink
                0x08000a48                _wait
                0x08000a58                _write
 .text          0x08000ab0       0xc4 src\stm32\misc.o
                0x08000ab0                NVIC_PriorityGroupConfig
                0x08000ac4                NVIC_Init
                0x08000b30                NVIC_SetVectorTable
                0x08000b44                NVIC_SystemLPConfig
                0x08000b5c                SysTick_CLKSourceConfig
 .text          0x08000b74      0x39c src\stm32\stm32f10x_adc.o
                0x08000b74                ADC_DeInit
                0x08000be0                ADC_Init
                0x08000c28                ADC_StructInit
                0x08000c3c                ADC_Cmd
                0x08000c50                ADC_DMACmd
                0x08000c64                ADC_ITConfig
                0x08000c78                ADC_ResetCalibration
                0x08000c84                ADC_GetResetCalibrationStatus
                0x08000c8c                ADC_StartCalibration
                0x08000c98                ADC_GetCalibrationStatus
                0x08000ca0                ADC_SoftwareStartConvCmd
                0x08000cb4                ADC_GetSoftwareStartConvStatus
                0x08000cbc                ADC_DiscModeChannelCountConfig
                0x08000ccc                ADC_DiscModeCmd
                0x08000ce0                ADC_RegularChannelConfig
                0x08000d74                ADC_ExternalTrigConvCmd
                0x08000d88                ADC_GetConversionValue
                0x08000d90                ADC_GetDualModeConversionValue
                0x08000d9c                ADC_AutoInjectedConvCmd
                0x08000db0                ADC_InjectedDiscModeCmd
                0x08000dc4                ADC_ExternalTrigInjectedConvConfig
                0x08000dd0                ADC_ExternalTrigInjectedConvCmd
                0x08000de4                ADC_SoftwareStartInjectedConvCmd
                0x08000df8                ADC_GetSoftwareStartInjectedConvCmdStatus
                0x08000e00                ADC_InjectedChannelConfig
                0x08000e58                ADC_InjectedSequencerLengthConfig
                0x08000e68                ADC_SetInjectedOffset
                0x08000e80                ADC_GetInjectedConversionValue
                0x08000e9c                ADC_AnalogWatchdogCmd
                0x08000eac                ADC_AnalogWatchdogThresholdsConfig
                0x08000eb4                ADC_AnalogWatchdogSingleChannelConfig
                0x08000ec0                ADC_TempSensorVrefintCmd
                0x08000edc                ADC_GetFlagStatus
                0x08000ee8                ADC_ClearFlag
                0x08000ef0                ADC_GetITStatus
                0x08000f08                ADC_ClearITPendingBit
 .text          0x08000f10      0x100 src\stm32\stm32f10x_exti.o
                0x08000f10                EXTI_DeInit
                0x08000f2c                EXTI_Init
                0x08000fa8                EXTI_StructInit
                0x08000fb8                EXTI_GenerateSWInterrupt
                0x08000fc8                EXTI_GetFlagStatus
                0x08000fdc                EXTI_ClearFlag
                0x08000fe8                EXTI_GetITStatus
                0x08001004                EXTI_ClearITPendingBit
 .text          0x08001010      0x5ec src\stm32\stm32f10x_gpio.o
                0x08001010                GPIO_DeInit
                0x080010ec                GPIO_AFIODeInit
                0x08001104                GPIO_Init
                0x080014d0                GPIO_StructInit
                0x080014e0                GPIO_ReadInputDataBit
                0x080014ec                GPIO_ReadInputData
                0x080014f4                GPIO_ReadOutputDataBit
                0x08001500                GPIO_ReadOutputData
                0x08001508                GPIO_SetBits
                0x0800150c                GPIO_ResetBits
                0x08001510                GPIO_WriteBit
                0x0800151c                GPIO_Write
                0x08001520                GPIO_PinLockConfig
                0x08001530                GPIO_EventOutputConfig
                0x0800154c                GPIO_EventOutputCmd
                0x08001558                GPIO_PinRemapConfig
                0x080015c4                GPIO_EXTILineConfig
                0x080015f0                GPIO_ETH_MediaInterfaceConfig
 .text          0x080015fc      0x37c src\stm32\stm32f10x_rcc.o
                0x080015fc                RCC_DeInit
                0x0800163c                RCC_HSEConfig
                0x08001674                RCC_WaitForHSEStartUp
                0x080016a8                RCC_AdjustHSICalibrationValue
                0x080016bc                RCC_HSICmd
                0x080016c8                RCC_PLLConfig
                0x080016dc                RCC_PLLCmd
                0x080016e8                RCC_SYSCLKConfig
                0x080016fc                RCC_GetSYSCLKSource
                0x0800170c                RCC_HCLKConfig
                0x08001720                RCC_PCLK1Config
                0x08001734                RCC_PCLK2Config
                0x08001748                RCC_ITConfig
                0x08001764                RCC_USBCLKConfig
                0x08001770                RCC_ADCCLKConfig
                0x08001784                RCC_LSEConfig
                0x080017a4                RCC_LSICmd
                0x080017b0                RCC_RTCCLKConfig
                0x080017c0                RCC_RTCCLKCmd
                0x080017cc                RCC_GetClocksFreq
                0x08001864                RCC_AHBPeriphClockCmd
                0x08001880                RCC_APB2PeriphClockCmd
                0x0800189c                RCC_APB1PeriphClockCmd
                0x080018b8                RCC_APB2PeriphResetCmd
                0x080018d4                RCC_APB1PeriphResetCmd
                0x080018f0                RCC_BackupResetCmd
                0x080018fc                RCC_ClockSecuritySystemCmd
                0x08001908                RCC_MCOConfig
                0x08001914                RCC_GetFlagStatus
                0x08001948                RCC_ClearFlag
                0x08001958                RCC_GetITStatus
                0x0800196c                RCC_ClearITPendingBit
 .text          0x08001978     0x10c4 src\stm32\stm32f10x_tim.o
                0x08001978                TIM_DeInit
                0x08001bac                TIM_TimeBaseInit
                0x08001c54                TIM_OC1Init
                0x08001ce4                TIM_OC2Init
                0x08001d70                TIM_OC3Init
                0x08001df8                TIM_OC4Init
                0x08001e68                TIM_ICInit
                0x080020b0                TIM_PWMIConfig
                0x08002320                TIM_BDTRConfig
                0x08002348                TIM_TimeBaseStructInit
                0x0800235c                TIM_OCStructInit
                0x08002370                TIM_ICStructInit
                0x08002380                TIM_BDTRStructInit
                0x08002394                TIM_Cmd
                0x080023b0                TIM_CtrlPWMOutputs
                0x080023d0                TIM_ITConfig
                0x080023e4                TIM_GenerateEvent
                0x080023e8                TIM_DMAConfig
                0x080023f0                TIM_DMACmd
                0x08002404                TIM_InternalClockConfig
                0x08002414                TIM_ITRxExternalClockConfig
                0x08002430                TIM_TIxExternalClockConfig
                0x0800252c                TIM_ETRClockMode1Config
                0x08002554                TIM_ETRClockMode2Config
                0x08002574                TIM_ETRConfig
                0x0800258c                TIM_PrescalerConfig
                0x08002594                TIM_CounterModeConfig
                0x080025a4                TIM_SelectInputTrigger
                0x080025b4                TIM_EncoderInterfaceConfig
                0x080025f4                TIM_ForcedOC1Config
                0x08002604                TIM_ForcedOC2Config
                0x08002618                TIM_ForcedOC3Config
                0x08002628                TIM_ForcedOC4Config
                0x0800263c                TIM_ARRPreloadConfig
                0x08002658                TIM_SelectCOM
                0x08002674                TIM_SelectCCDMA
                0x08002690                TIM_CCPreloadControl
                0x080026ac                TIM_OC1PreloadConfig
                0x080026bc                TIM_OC2PreloadConfig
                0x080026d0                TIM_OC3PreloadConfig
                0x080026e0                TIM_OC4PreloadConfig
                0x080026f4                TIM_OC1FastConfig
                0x08002704                TIM_OC2FastConfig
                0x08002718                TIM_OC3FastConfig
                0x08002728                TIM_OC4FastConfig
                0x0800273c                TIM_ClearOC1Ref
                0x0800274c                TIM_ClearOC2Ref
                0x0800275c                TIM_ClearOC3Ref
                0x0800276c                TIM_ClearOC4Ref
                0x0800277c                TIM_OC1PolarityConfig
                0x0800278c                TIM_OC1NPolarityConfig
                0x0800279c                TIM_OC2PolarityConfig
                0x080027b0                TIM_OC2NPolarityConfig
                0x080027c4                TIM_OC3PolarityConfig
                0x080027d8                TIM_OC3NPolarityConfig
                0x080027ec                TIM_OC4PolarityConfig
                0x08002800                TIM_CCxCmd
                0x08002820                TIM_CCxNCmd
                0x08002840                TIM_SelectOCxM
                0x08002888                TIM_UpdateDisableConfig
                0x080028a4                TIM_UpdateRequestConfig
                0x080028c0                TIM_SelectHallSensor
                0x080028dc                TIM_SelectOnePulseMode
                0x080028f4                TIM_SelectOutputTrigger
                0x0800290c                TIM_SelectSlaveMode
                0x08002924                TIM_SelectMasterSlaveMode
                0x0800293c                TIM_SetCounter
                0x08002940                TIM_SetAutoreload
                0x08002944                TIM_SetCompare1
                0x08002948                TIM_SetCompare2
                0x0800294c                TIM_SetCompare3
                0x08002950                TIM_SetCompare4
                0x08002958                TIM_SetIC1Prescaler
                0x08002970                TIM_SetIC2Prescaler
                0x0800298c                TIM_SetIC3Prescaler
                0x080029a4                TIM_SetIC4Prescaler
                0x080029c0                TIM_SetClockDivision
                0x080029d8                TIM_GetCapture1
                0x080029e0                TIM_GetCapture2
                0x080029e8                TIM_GetCapture3
                0x080029f0                TIM_GetCapture4
                0x080029f8                TIM_GetCounter
                0x08002a00                TIM_GetPrescaler
                0x08002a08                TIM_GetFlagStatus
                0x08002a14                TIM_ClearFlag
                0x08002a1c                TIM_GetITStatus
                0x08002a34                TIM_ClearITPendingBit
 .text          0x08002a3c      0x418 src\stm32\stm32f10x_usart.o
                0x08002a3c                USART_DeInit
                0x08002aec                USART_Init
                0x08002ba8                USART_StructInit
                0x08002bc0                USART_ClockInit
                0x08002be4                USART_ClockStructInit
                0x08002bf0                USART_Cmd
                0x08002c0c                USART_ITConfig
                0x08002c44                USART_DMACmd
                0x08002c58                USART_SetAddress
                0x08002c70                USART_WakeUpConfig
                0x08002c88                USART_ReceiverWakeUpCmd
                0x08002ca4                USART_LINBreakDetectLengthConfig
                0x08002cbc                USART_LINCmd
                0x08002cd8                USART_SendData
                0x08002cec                USART_ReceiveData
                0x08002cf4                USART_SendBreak
                0x08002d00                USART_SetGuardTime
                0x08002d14                USART_SetPrescaler
                0x08002d28                USART_SmartCardCmd
                0x08002d44                USART_SmartCardNACKCmd
                0x08002d60                USART_HalfDuplexCmd
                0x08002d7c                USART_OverSampling8Cmd
                0x08002d98                USART_OneBitMethodCmd
                0x08002db4                USART_IrDAConfig
                0x08002dcc                USART_IrDACmd
                0x08002de8                USART_GetFlagStatus
                0x08002df4                USART_ClearFlag
                0x08002dfc                USART_GetITStatus
                0x08002e44                USART_ClearITPendingBit
 .text          0x08002e54       0x20 src\stm32f1xx_it.o
                0x08002e54                NMI_Handler
                0x08002e58                HardFault_Handler
                0x08002e5c                MemManage_Handler
                0x08002e60                BusFault_Handler
                0x08002e64                UsageFault_Handler
                0x08002e68                SVC_Handler
                0x08002e6c                DebugMon_Handler
                0x08002e70                PendSV_Handler
 .text          0x08002e74      0x15c src\system_stm32f10x.o
                0x08002e74                SystemInit
                0x08002f78                SystemCoreClockUpdate
 .text          0x08002fd0       0xec e:/7a6437206436de97/drive/projetos pessoais/temporizador/programa/gcc-arm-none-eabi-win32/bin/../lib/gcc/arm-none-eabi/5.4.1/../../../../arm-none-eabi/lib/armv7-m\libc.a(lib_a-memcpy.o)
                0x08002fd0                memcpy
 .text          0x080030bc      0x370 e:/7a6437206436de97/drive/projetos pessoais/temporizador/programa/gcc-arm-none-eabi-win32/bin/../lib/gcc/arm-none-eabi/5.4.1/armv7-m\libgcc.a(_arm_addsubdf3.o)
                0x080030bc                __aeabi_drsub
                0x080030c4                __aeabi_dsub
                0x080030c4                __subdf3
                0x080030c8                __aeabi_dadd
                0x080030c8                __adddf3
                0x08003340                __floatunsidf
                0x08003340                __aeabi_ui2d
                0x08003360                __floatsidf
                0x08003360                __aeabi_i2d
                0x08003384                __aeabi_f2d
                0x08003384                __extendsfdf2
                0x080033c0                __floatundidf
                0x080033c0                __aeabi_ul2d
                0x080033d0                __floatdidf
                0x080033d0                __aeabi_l2d
 .text          0x0800342c      0x424 e:/7a6437206436de97/drive/projetos pessoais/temporizador/programa/gcc-arm-none-eabi-win32/bin/../lib/gcc/arm-none-eabi/5.4.1/armv7-m\libgcc.a(_arm_muldivdf3.o)
                0x0800342c                __aeabi_dmul
                0x0800342c                __muldf3
                0x08003680                __divdf3
                0x08003680                __aeabi_ddiv
 .text          0x08003850      0x110 e:/7a6437206436de97/drive/projetos pessoais/temporizador/programa/gcc-arm-none-eabi-win32/bin/../lib/gcc/arm-none-eabi/5.4.1/armv7-m\libgcc.a(_arm_cmpdf2.o)
                0x08003850                __gtdf2
                0x08003850                __gedf2
                0x08003858                __ltdf2
                0x08003858                __ledf2
                0x08003860                __nedf2
                0x08003860                __eqdf2
                0x08003860                __cmpdf2
                0x080038dc                __aeabi_cdrcmple
                0x080038ec                __aeabi_cdcmpeq
                0x080038ec                __aeabi_cdcmple
                0x080038fc                __aeabi_dcmpeq
                0x08003910                __aeabi_dcmplt
                0x08003924                __aeabi_dcmple
                0x08003938                __aeabi_dcmpge
                0x0800394c                __aeabi_dcmpgt
 .text          0x08003960       0x2c e:/7a6437206436de97/drive/projetos pessoais/temporizador/programa/gcc-arm-none-eabi-win32/bin/../lib/gcc/arm-none-eabi/5.4.1/armv7-m\libgcc.a(_arm_unorddf2.o)
                0x08003960                __unorddf2
                0x08003960                __aeabi_dcmpun
 .text          0x0800398c       0x50 e:/7a6437206436de97/drive/projetos pessoais/temporizador/programa/gcc-arm-none-eabi-win32/bin/../lib/gcc/arm-none-eabi/5.4.1/armv7-m\libgcc.a(_arm_fixdfsi.o)
                0x0800398c                __aeabi_d2iz
                0x0800398c                __fixdfsi
 .text          0x080039dc       0x30 e:/7a6437206436de97/drive/projetos pessoais/temporizador/programa/gcc-arm-none-eabi-win32/bin/../lib/gcc/arm-none-eabi/5.4.1/armv7-m\libgcc.a(_aeabi_uldivmod.o)
                0x080039dc                __aeabi_uldivmod
 .text          0x08003a0c      0x2ec e:/7a6437206436de97/drive/projetos pessoais/temporizador/programa/gcc-arm-none-eabi-win32/bin/../lib/gcc/arm-none-eabi/5.4.1/armv7-m\libgcc.a(_udivmoddi4.o)
                0x08003a0c                __udivmoddi4
 .text          0x08003cf8        0x4 e:/7a6437206436de97/drive/projetos pessoais/temporizador/programa/gcc-arm-none-eabi-win32/bin/../lib/gcc/arm-none-eabi/5.4.1/armv7-m\libgcc.a(_dvmd_tls.o)
                0x08003cf8                __aeabi_idiv0
                0x08003cf8                __aeabi_ldiv0
 *(.text*)
 .text.startup  0x08003cfc      0x1cc src\main.o
                0x08003cfc                main
 .text.Reset_Handler
                0x08003ec8       0x50 src\startup_stm32f10x_md_vl.o
                0x08003ec8                Reset_Handler
 .text.Default_Handler
                0x08003f18        0x2 src\startup_stm32f10x_md_vl.o
                0x08003f18                EXTI2_IRQHandler
                0x08003f18                TIM1_CC_IRQHandler
                0x08003f18                SysTick_Handler
                0x08003f18                PVD_IRQHandler
                0x08003f18                EXTI3_IRQHandler
                0x08003f18                EXTI0_IRQHandler
                0x08003f18                I2C2_EV_IRQHandler
                0x08003f18                TIM1_UP_TIM16_IRQHandler
                0x08003f18                SPI1_IRQHandler
                0x08003f18                TAMPER_IRQHandler
                0x08003f18                TIM6_DAC_IRQHandler
                0x08003f18                DMA1_Channel4_IRQHandler
                0x08003f18                ADC1_IRQHandler
                0x08003f18                USART3_IRQHandler
                0x08003f18                RTC_IRQHandler
                0x08003f18                DMA1_Channel7_IRQHandler
                0x08003f18                I2C1_EV_IRQHandler
                0x08003f18                DMA1_Channel6_IRQHandler
                0x08003f18                TIM3_IRQHandler
                0x08003f18                RCC_IRQHandler
                0x08003f18                DMA1_Channel1_IRQHandler
                0x08003f18                Default_Handler
                0x08003f18                CEC_IRQHandler
                0x08003f18                EXTI15_10_IRQHandler
                0x08003f18                TIM7_IRQHandler
                0x08003f18                EXTI9_5_IRQHandler
                0x08003f18                SPI2_IRQHandler
                0x08003f18                DMA1_Channel5_IRQHandler
                0x08003f18                EXTI4_IRQHandler
                0x08003f18                TIM1_TRG_COM_TIM17_IRQHandler
                0x08003f18                DMA1_Channel3_IRQHandler
                0x08003f18                WWDG_IRQHandler
                0x08003f18                TIM2_IRQHandler
                0x08003f18                EXTI1_IRQHandler
                0x08003f18                RTCAlarm_IRQHandler
                0x08003f18                USART2_IRQHandler
                0x08003f18                I2C2_ER_IRQHandler
                0x08003f18                DMA1_Channel2_IRQHandler
                0x08003f18                FLASH_IRQHandler
                0x08003f18                USART1_IRQHandler
                0x08003f18                I2C1_ER_IRQHandler
                0x08003f18                TIM1_BRK_TIM15_IRQHandler
 *fill*         0x08003f1a        0x2 
 .text.__errno  0x08003f1c        0xc e:/7a6437206436de97/drive/projetos pessoais/temporizador/programa/gcc-arm-none-eabi-win32/bin/../lib/gcc/arm-none-eabi/5.4.1/../../../../arm-none-eabi/lib/armv7-m\libc.a(lib_a-errno.o)
                0x08003f1c                __errno
 .text.__libc_init_array
                0x08003f28       0x50 e:/7a6437206436de97/drive/projetos pessoais/temporizador/programa/gcc-arm-none-eabi-win32/bin/../lib/gcc/arm-none-eabi/5.4.1/../../../../arm-none-eabi/lib/armv7-m\libc.a(lib_a-init.o)
                0x08003f28                __libc_init_array
 .text.memset   0x08003f78       0x9c e:/7a6437206436de97/drive/projetos pessoais/temporizador/programa/gcc-arm-none-eabi-win32/bin/../lib/gcc/arm-none-eabi/5.4.1/../../../../arm-none-eabi/lib/armv7-m\libc.a(lib_a-memset.o)
                0x08003f78                memset
 .text.printf   0x08004014       0x28 e:/7a6437206436de97/drive/projetos pessoais/temporizador/programa/gcc-arm-none-eabi-win32/bin/../lib/gcc/arm-none-eabi/5.4.1/../../../../arm-none-eabi/lib/armv7-m\libc.a(lib_a-printf.o)
                0x08004014                printf
 .text.setvbuf  0x0800403c      0x150 e:/7a6437206436de97/drive/projetos pessoais/temporizador/programa/gcc-arm-none-eabi-win32/bin/../lib/gcc/arm-none-eabi/5.4.1/../../../../arm-none-eabi/lib/armv7-m\libc.a(lib_a-setvbuf.o)
                0x0800403c                setvbuf
 .text._vfprintf_r
                0x0800418c     0x1798 e:/7a6437206436de97/drive/projetos pessoais/temporizador/programa/gcc-arm-none-eabi-win32/bin/../lib/gcc/arm-none-eabi/5.4.1/../../../../arm-none-eabi/lib/armv7-m\libc.a(lib_a-vfprintf.o)
                0x0800418c                _vfprintf_r
 .text.__sbprintf
                0x08005924       0x6c e:/7a6437206436de97/drive/projetos pessoais/temporizador/programa/gcc-arm-none-eabi-win32/bin/../lib/gcc/arm-none-eabi/5.4.1/../../../../arm-none-eabi/lib/armv7-m\libc.a(lib_a-vfprintf.o)
 .text.__swsetup_r
                0x08005990       0xc8 e:/7a6437206436de97/drive/projetos pessoais/temporizador/programa/gcc-arm-none-eabi-win32/bin/../lib/gcc/arm-none-eabi/5.4.1/../../../../arm-none-eabi/lib/armv7-m\libc.a(lib_a-wsetup.o)
                0x08005990                __swsetup_r
 .text.startup.register_fini
                0x08005a58       0x14 e:/7a6437206436de97/drive/projetos pessoais/temporizador/programa/gcc-arm-none-eabi-win32/bin/../lib/gcc/arm-none-eabi/5.4.1/../../../../arm-none-eabi/lib/armv7-m\libc.a(lib_a-__call_atexit.o)
 .text.atexit   0x08005a6c        0xc e:/7a6437206436de97/drive/projetos pessoais/temporizador/programa/gcc-arm-none-eabi-win32/bin/../lib/gcc/arm-none-eabi/5.4.1/../../../../arm-none-eabi/lib/armv7-m\libc.a(lib_a-atexit.o)
                0x08005a6c                atexit
 .text.quorem   0x08005a78      0x12c e:/7a6437206436de97/drive/projetos pessoais/temporizador/programa/gcc-arm-none-eabi-win32/bin/../lib/gcc/arm-none-eabi/5.4.1/../../../../arm-none-eabi/lib/armv7-m\libc.a(lib_a-dtoa.o)
 *fill*         0x08005ba4        0x4 
 .text._dtoa_r  0x08005ba8      0xe4c e:/7a6437206436de97/drive/projetos pessoais/temporizador/programa/gcc-arm-none-eabi-win32/bin/../lib/gcc/arm-none-eabi/5.4.1/../../../../arm-none-eabi/lib/armv7-m\libc.a(lib_a-dtoa.o)
                0x08005ba8                _dtoa_r
 .text.__sflush_r
                0x080069f4      0x148 e:/7a6437206436de97/drive/projetos pessoais/temporizador/programa/gcc-arm-none-eabi-win32/bin/../lib/gcc/arm-none-eabi/5.4.1/../../../../arm-none-eabi/lib/armv7-m\libc.a(lib_a-fflush.o)
                0x080069f4                __sflush_r
 .text._fflush_r
                0x08006b3c       0x2c e:/7a6437206436de97/drive/projetos pessoais/temporizador/programa/gcc-arm-none-eabi-win32/bin/../lib/gcc/arm-none-eabi/5.4.1/../../../../arm-none-eabi/lib/armv7-m\libc.a(lib_a-fflush.o)
                0x08006b3c                _fflush_r
 .text._cleanup_r
                0x08006b68        0xc e:/7a6437206436de97/drive/projetos pessoais/temporizador/programa/gcc-arm-none-eabi-win32/bin/../lib/gcc/arm-none-eabi/5.4.1/../../../../arm-none-eabi/lib/armv7-m\libc.a(lib_a-findfp.o)
                0x08006b68                _cleanup_r
 .text.__sinit.part.1
                0x08006b74       0xf0 e:/7a6437206436de97/drive/projetos pessoais/temporizador/programa/gcc-arm-none-eabi-win32/bin/../lib/gcc/arm-none-eabi/5.4.1/../../../../arm-none-eabi/lib/armv7-m\libc.a(lib_a-findfp.o)
 .text.__sinit  0x08006c64        0xc e:/7a6437206436de97/drive/projetos pessoais/temporizador/programa/gcc-arm-none-eabi-win32/bin/../lib/gcc/arm-none-eabi/5.4.1/../../../../arm-none-eabi/lib/armv7-m\libc.a(lib_a-findfp.o)
                0x08006c64                __sinit
 .text.__sfp_lock_acquire
                0x08006c70        0x4 e:/7a6437206436de97/drive/projetos pessoais/temporizador/programa/gcc-arm-none-eabi-win32/bin/../lib/gcc/arm-none-eabi/5.4.1/../../../../arm-none-eabi/lib/armv7-m\libc.a(lib_a-findfp.o)
                0x08006c70                __sfp_lock_acquire
 .text.__sfp_lock_release
                0x08006c74        0x4 e:/7a6437206436de97/drive/projetos pessoais/temporizador/programa/gcc-arm-none-eabi-win32/bin/../lib/gcc/arm-none-eabi/5.4.1/../../../../arm-none-eabi/lib/armv7-m\libc.a(lib_a-findfp.o)
                0x08006c74                __sfp_lock_release
 .text.__libc_fini_array
                0x08006c78       0x28 e:/7a6437206436de97/drive/projetos pessoais/temporizador/programa/gcc-arm-none-eabi-win32/bin/../lib/gcc/arm-none-eabi/5.4.1/../../../../arm-none-eabi/lib/armv7-m\libc.a(lib_a-fini.o)
                0x08006c78                __libc_fini_array
 .text._malloc_trim_r
                0x08006ca0       0x9c e:/7a6437206436de97/drive/projetos pessoais/temporizador/programa/gcc-arm-none-eabi-win32/bin/../lib/gcc/arm-none-eabi/5.4.1/../../../../arm-none-eabi/lib/armv7-m\libc.a(lib_a-freer.o)
                0x08006ca0                _malloc_trim_r
 .text._free_r  0x08006d3c      0x1d0 e:/7a6437206436de97/drive/projetos pessoais/temporizador/programa/gcc-arm-none-eabi-win32/bin/../lib/gcc/arm-none-eabi/5.4.1/../../../../arm-none-eabi/lib/armv7-m\libc.a(lib_a-freer.o)
                0x08006d3c                _free_r
 .text._fwalk_reent
                0x08006f0c       0x50 e:/7a6437206436de97/drive/projetos pessoais/temporizador/programa/gcc-arm-none-eabi-win32/bin/../lib/gcc/arm-none-eabi/5.4.1/../../../../arm-none-eabi/lib/armv7-m\libc.a(lib_a-fwalk.o)
                0x08006f0c                _fwalk_reent
 .text._localeconv_r
                0x08006f5c       0x1c e:/7a6437206436de97/drive/projetos pessoais/temporizador/programa/gcc-arm-none-eabi-win32/bin/../lib/gcc/arm-none-eabi/5.4.1/../../../../arm-none-eabi/lib/armv7-m\libc.a(lib_a-localeconv.o)
                0x08006f5c                _localeconv_r
 .text.__swhatbuf_r
                0x08006f78       0x60 e:/7a6437206436de97/drive/projetos pessoais/temporizador/programa/gcc-arm-none-eabi-win32/bin/../lib/gcc/arm-none-eabi/5.4.1/../../../../arm-none-eabi/lib/armv7-m\libc.a(lib_a-makebuf.o)
                0x08006f78                __swhatbuf_r
 .text.__smakebuf_r
                0x08006fd8       0x88 e:/7a6437206436de97/drive/projetos pessoais/temporizador/programa/gcc-arm-none-eabi-win32/bin/../lib/gcc/arm-none-eabi/5.4.1/../../../../arm-none-eabi/lib/armv7-m\libc.a(lib_a-makebuf.o)
                0x08006fd8                __smakebuf_r
 .text.malloc   0x08007060       0x10 e:/7a6437206436de97/drive/projetos pessoais/temporizador/programa/gcc-arm-none-eabi-win32/bin/../lib/gcc/arm-none-eabi/5.4.1/../../../../arm-none-eabi/lib/armv7-m\libc.a(lib_a-malloc.o)
                0x08007060                malloc
 .text._malloc_r
                0x08007070      0x558 e:/7a6437206436de97/drive/projetos pessoais/temporizador/programa/gcc-arm-none-eabi-win32/bin/../lib/gcc/arm-none-eabi/5.4.1/../../../../arm-none-eabi/lib/armv7-m\libc.a(lib_a-mallocr.o)
                0x08007070                _malloc_r
 .text.memchr   0x080075c8       0x8c e:/7a6437206436de97/drive/projetos pessoais/temporizador/programa/gcc-arm-none-eabi-win32/bin/../lib/gcc/arm-none-eabi/5.4.1/../../../../arm-none-eabi/lib/armv7-m\libc.a(lib_a-memchr-stub.o)
                0x080075c8                memchr
 .text.__malloc_lock
                0x08007654        0x4 e:/7a6437206436de97/drive/projetos pessoais/temporizador/programa/gcc-arm-none-eabi-win32/bin/../lib/gcc/arm-none-eabi/5.4.1/../../../../arm-none-eabi/lib/armv7-m\libc.a(lib_a-mlock.o)
                0x08007654                __malloc_lock
 .text.__malloc_unlock
                0x08007658        0x4 e:/7a6437206436de97/drive/projetos pessoais/temporizador/programa/gcc-arm-none-eabi-win32/bin/../lib/gcc/arm-none-eabi/5.4.1/../../../../arm-none-eabi/lib/armv7-m\libc.a(lib_a-mlock.o)
                0x08007658                __malloc_unlock
 .text._Balloc  0x0800765c       0x50 e:/7a6437206436de97/drive/projetos pessoais/temporizador/programa/gcc-arm-none-eabi-win32/bin/../lib/gcc/arm-none-eabi/5.4.1/../../../../arm-none-eabi/lib/armv7-m\libc.a(lib_a-mprec.o)
                0x0800765c                _Balloc
 .text._Bfree   0x080076ac       0x14 e:/7a6437206436de97/drive/projetos pessoais/temporizador/programa/gcc-arm-none-eabi-win32/bin/../lib/gcc/arm-none-eabi/5.4.1/../../../../arm-none-eabi/lib/armv7-m\libc.a(lib_a-mprec.o)
                0x080076ac                _Bfree
 .text.__multadd
                0x080076c0       0x80 e:/7a6437206436de97/drive/projetos pessoais/temporizador/programa/gcc-arm-none-eabi-win32/bin/../lib/gcc/arm-none-eabi/5.4.1/../../../../arm-none-eabi/lib/armv7-m\libc.a(lib_a-mprec.o)
                0x080076c0                __multadd
 .text.__hi0bits
                0x08007740       0x40 e:/7a6437206436de97/drive/projetos pessoais/temporizador/programa/gcc-arm-none-eabi-win32/bin/../lib/gcc/arm-none-eabi/5.4.1/../../../../arm-none-eabi/lib/armv7-m\libc.a(lib_a-mprec.o)
                0x08007740                __hi0bits
 .text.__lo0bits
                0x08007780       0x5c e:/7a6437206436de97/drive/projetos pessoais/temporizador/programa/gcc-arm-none-eabi-win32/bin/../lib/gcc/arm-none-eabi/5.4.1/../../../../arm-none-eabi/lib/armv7-m\libc.a(lib_a-mprec.o)
                0x08007780                __lo0bits
 .text.__i2b    0x080077dc       0x14 e:/7a6437206436de97/drive/projetos pessoais/temporizador/programa/gcc-arm-none-eabi-win32/bin/../lib/gcc/arm-none-eabi/5.4.1/../../../../arm-none-eabi/lib/armv7-m\libc.a(lib_a-mprec.o)
                0x080077dc                __i2b
 .text.__multiply
                0x080077f0      0x13c e:/7a6437206436de97/drive/projetos pessoais/temporizador/programa/gcc-arm-none-eabi-win32/bin/../lib/gcc/arm-none-eabi/5.4.1/../../../../arm-none-eabi/lib/armv7-m\libc.a(lib_a-mprec.o)
                0x080077f0                __multiply
 .text.__pow5mult
                0x0800792c       0xa0 e:/7a6437206436de97/drive/projetos pessoais/temporizador/programa/gcc-arm-none-eabi-win32/bin/../lib/gcc/arm-none-eabi/5.4.1/../../../../arm-none-eabi/lib/armv7-m\libc.a(lib_a-mprec.o)
                0x0800792c                __pow5mult
 .text.__lshift
                0x080079cc       0xac e:/7a6437206436de97/drive/projetos pessoais/temporizador/programa/gcc-arm-none-eabi-win32/bin/../lib/gcc/arm-none-eabi/5.4.1/../../../../arm-none-eabi/lib/armv7-m\libc.a(lib_a-mprec.o)
                0x080079cc                __lshift
 .text.__mcmp   0x08007a78       0x40 e:/7a6437206436de97/drive/projetos pessoais/temporizador/programa/gcc-arm-none-eabi-win32/bin/../lib/gcc/arm-none-eabi/5.4.1/../../../../arm-none-eabi/lib/armv7-m\libc.a(lib_a-mprec.o)
                0x08007a78                __mcmp
 .text.__mdiff  0x08007ab8      0x128 e:/7a6437206436de97/drive/projetos pessoais/temporizador/programa/gcc-arm-none-eabi-win32/bin/../lib/gcc/arm-none-eabi/5.4.1/../../../../arm-none-eabi/lib/armv7-m\libc.a(lib_a-mprec.o)
                0x08007ab8                __mdiff
 .text.__d2b    0x08007be0       0xa8 e:/7a6437206436de97/drive/projetos pessoais/temporizador/programa/gcc-arm-none-eabi-win32/bin/../lib/gcc/arm-none-eabi/5.4.1/../../../../arm-none-eabi/lib/armv7-m\libc.a(lib_a-mprec.o)
                0x08007be0                __d2b
 .text._sbrk_r  0x08007c88       0x24 e:/7a6437206436de97/drive/projetos pessoais/temporizador/programa/gcc-arm-none-eabi-win32/bin/../lib/gcc/arm-none-eabi/5.4.1/../../../../arm-none-eabi/lib/armv7-m\libc.a(lib_a-sbrkr.o)
                0x08007c88                _sbrk_r
 .text.__sread  0x08007cac       0x24 e:/7a6437206436de97/drive/projetos pessoais/temporizador/programa/gcc-arm-none-eabi-win32/bin/../lib/gcc/arm-none-eabi/5.4.1/../../../../arm-none-eabi/lib/armv7-m\libc.a(lib_a-stdio.o)
                0x08007cac                __sread
 .text.__swrite
                0x08007cd0       0x3c e:/7a6437206436de97/drive/projetos pessoais/temporizador/programa/gcc-arm-none-eabi-win32/bin/../lib/gcc/arm-none-eabi/5.4.1/../../../../arm-none-eabi/lib/armv7-m\libc.a(lib_a-stdio.o)
                0x08007cd0                __swrite
 .text.__sseek  0x08007d0c       0x20 e:/7a6437206436de97/drive/projetos pessoais/temporizador/programa/gcc-arm-none-eabi-win32/bin/../lib/gcc/arm-none-eabi/5.4.1/../../../../arm-none-eabi/lib/armv7-m\libc.a(lib_a-stdio.o)
                0x08007d0c                __sseek
 .text.__sclose
                0x08007d2c        0x8 e:/7a6437206436de97/drive/projetos pessoais/temporizador/programa/gcc-arm-none-eabi-win32/bin/../lib/gcc/arm-none-eabi/5.4.1/../../../../arm-none-eabi/lib/armv7-m\libc.a(lib_a-stdio.o)
                0x08007d2c                __sclose
 .text.strlen   0x08007d34       0x5c e:/7a6437206436de97/drive/projetos pessoais/temporizador/programa/gcc-arm-none-eabi-win32/bin/../lib/gcc/arm-none-eabi/5.4.1/../../../../arm-none-eabi/lib/armv7-m\libc.a(lib_a-strlen-stub.o)
                0x08007d34                strlen
 .text.__sprint_r.part.0
                0x08007d90       0x78 e:/7a6437206436de97/drive/projetos pessoais/temporizador/programa/gcc-arm-none-eabi-win32/bin/../lib/gcc/arm-none-eabi/5.4.1/../../../../arm-none-eabi/lib/armv7-m\libc.a(lib_a-vfiprintf.o)
 .text.__sprint_r
                0x08007e08       0x14 e:/7a6437206436de97/drive/projetos pessoais/temporizador/programa/gcc-arm-none-eabi-win32/bin/../lib/gcc/arm-none-eabi/5.4.1/../../../../arm-none-eabi/lib/armv7-m\libc.a(lib_a-vfiprintf.o)
                0x08007e08                __sprint_r
 .text._write_r
                0x08007e1c       0x2c e:/7a6437206436de97/drive/projetos pessoais/temporizador/programa/gcc-arm-none-eabi-win32/bin/../lib/gcc/arm-none-eabi/5.4.1/../../../../arm-none-eabi/lib/armv7-m\libc.a(lib_a-writer.o)
                0x08007e1c                _write_r
 .text.__register_exitproc
                0x08007e48       0xa4 e:/7a6437206436de97/drive/projetos pessoais/temporizador/programa/gcc-arm-none-eabi-win32/bin/../lib/gcc/arm-none-eabi/5.4.1/../../../../arm-none-eabi/lib/armv7-m\libc.a(lib_a-__atexit.o)
                0x08007e48                __register_exitproc
 .text._calloc_r
                0x08007eec       0x60 e:/7a6437206436de97/drive/projetos pessoais/temporizador/programa/gcc-arm-none-eabi-win32/bin/../lib/gcc/arm-none-eabi/5.4.1/../../../../arm-none-eabi/lib/armv7-m\libc.a(lib_a-callocr.o)
                0x08007eec                _calloc_r
 .text._close_r
                0x08007f4c       0x24 e:/7a6437206436de97/drive/projetos pessoais/temporizador/programa/gcc-arm-none-eabi-win32/bin/../lib/gcc/arm-none-eabi/5.4.1/../../../../arm-none-eabi/lib/armv7-m\libc.a(lib_a-closer.o)
                0x08007f4c                _close_r
 .text._fclose_r
                0x08007f70       0x84 e:/7a6437206436de97/drive/projetos pessoais/temporizador/programa/gcc-arm-none-eabi-win32/bin/../lib/gcc/arm-none-eabi/5.4.1/../../../../arm-none-eabi/lib/armv7-m\libc.a(lib_a-fclose.o)
                0x08007f70                _fclose_r
 .text.__fputwc
                0x08007ff4       0x94 e:/7a6437206436de97/drive/projetos pessoais/temporizador/programa/gcc-arm-none-eabi-win32/bin/../lib/gcc/arm-none-eabi/5.4.1/../../../../arm-none-eabi/lib/armv7-m\libc.a(lib_a-fputwc.o)
                0x08007ff4                __fputwc
 .text._fputwc_r
                0x08008088       0x24 e:/7a6437206436de97/drive/projetos pessoais/temporizador/programa/gcc-arm-none-eabi-win32/bin/../lib/gcc/arm-none-eabi/5.4.1/../../../../arm-none-eabi/lib/armv7-m\libc.a(lib_a-fputwc.o)
                0x08008088                _fputwc_r
 .text._fstat_r
                0x080080ac       0x28 e:/7a6437206436de97/drive/projetos pessoais/temporizador/programa/gcc-arm-none-eabi-win32/bin/../lib/gcc/arm-none-eabi/5.4.1/../../../../arm-none-eabi/lib/armv7-m\libc.a(lib_a-fstatr.o)
                0x080080ac                _fstat_r
 .text.__sfvwrite_r
                0x080080d4      0x308 e:/7a6437206436de97/drive/projetos pessoais/temporizador/programa/gcc-arm-none-eabi-win32/bin/../lib/gcc/arm-none-eabi/5.4.1/../../../../arm-none-eabi/lib/armv7-m\libc.a(lib_a-fvwrite.o)
                0x080080d4                __sfvwrite_r
 .text._isatty_r
                0x080083dc       0x24 e:/7a6437206436de97/drive/projetos pessoais/temporizador/programa/gcc-arm-none-eabi-win32/bin/../lib/gcc/arm-none-eabi/5.4.1/../../../../arm-none-eabi/lib/armv7-m\libc.a(lib_a-isattyr.o)
                0x080083dc                _isatty_r
 .text.__locale_mb_cur_max
                0x08008400       0x1c e:/7a6437206436de97/drive/projetos pessoais/temporizador/programa/gcc-arm-none-eabi-win32/bin/../lib/gcc/arm-none-eabi/5.4.1/../../../../arm-none-eabi/lib/armv7-m\libc.a(lib_a-locale.o)
                0x08008400                __locale_mb_cur_max
 .text._lseek_r
                0x0800841c       0x2c e:/7a6437206436de97/drive/projetos pessoais/temporizador/programa/gcc-arm-none-eabi-win32/bin/../lib/gcc/arm-none-eabi/5.4.1/../../../../arm-none-eabi/lib/armv7-m\libc.a(lib_a-lseekr.o)
                0x0800841c                _lseek_r
 .text.__ascii_mbtowc
                0x08008448       0x2c e:/7a6437206436de97/drive/projetos pessoais/temporizador/programa/gcc-arm-none-eabi-win32/bin/../lib/gcc/arm-none-eabi/5.4.1/../../../../arm-none-eabi/lib/armv7-m\libc.a(lib_a-mbtowc_r.o)
                0x08008448                __ascii_mbtowc
 .text.memmove  0x08008474       0xc8 e:/7a6437206436de97/drive/projetos pessoais/temporizador/programa/gcc-arm-none-eabi-win32/bin/../lib/gcc/arm-none-eabi/5.4.1/../../../../arm-none-eabi/lib/armv7-m\libc.a(lib_a-memmove.o)
                0x08008474                memmove
 .text._read_r  0x0800853c       0x2c e:/7a6437206436de97/drive/projetos pessoais/temporizador/programa/gcc-arm-none-eabi-win32/bin/../lib/gcc/arm-none-eabi/5.4.1/../../../../arm-none-eabi/lib/armv7-m\libc.a(lib_a-readr.o)
                0x0800853c                _read_r
 .text._realloc_r
                0x08008568      0x3d4 e:/7a6437206436de97/drive/projetos pessoais/temporizador/programa/gcc-arm-none-eabi-win32/bin/../lib/gcc/arm-none-eabi/5.4.1/../../../../arm-none-eabi/lib/armv7-m\libc.a(lib_a-reallocr.o)
                0x08008568                _realloc_r
 .text.__swbuf_r
                0x0800893c       0xac e:/7a6437206436de97/drive/projetos pessoais/temporizador/programa/gcc-arm-none-eabi-win32/bin/../lib/gcc/arm-none-eabi/5.4.1/../../../../arm-none-eabi/lib/armv7-m\libc.a(lib_a-wbuf.o)
                0x0800893c                __swbuf_r
 .text._wcrtomb_r
                0x080089e8       0x54 e:/7a6437206436de97/drive/projetos pessoais/temporizador/programa/gcc-arm-none-eabi-win32/bin/../lib/gcc/arm-none-eabi/5.4.1/../../../../arm-none-eabi/lib/armv7-m\libc.a(lib_a-wcrtomb.o)
                0x080089e8                _wcrtomb_r
 .text.__ascii_wctomb
                0x08008a3c       0x1c e:/7a6437206436de97/drive/projetos pessoais/temporizador/programa/gcc-arm-none-eabi-win32/bin/../lib/gcc/arm-none-eabi/5.4.1/../../../../arm-none-eabi/lib/armv7-m\libc.a(lib_a-wctomb_r.o)
                0x08008a3c                __ascii_wctomb
 *(.glue_7)
 .glue_7        0x08008a58        0x0 linker stubs
 *(.glue_7t)
 .glue_7t       0x08008a58        0x0 linker stubs
 *(.eh_frame)
 .eh_frame      0x08008a58        0x0 e:/7a6437206436de97/drive/projetos pessoais/temporizador/programa/gcc-arm-none-eabi-win32/bin/../lib/gcc/arm-none-eabi/5.4.1/armv7-m/crtbegin.o
 *(.init)
 .init          0x08008a58        0x4 e:/7a6437206436de97/drive/projetos pessoais/temporizador/programa/gcc-arm-none-eabi-win32/bin/../lib/gcc/arm-none-eabi/5.4.1/armv7-m/crti.o
                0x08008a58                _init
 .init          0x08008a5c        0x8 e:/7a6437206436de97/drive/projetos pessoais/temporizador/programa/gcc-arm-none-eabi-win32/bin/../lib/gcc/arm-none-eabi/5.4.1/armv7-m/crtn.o
 *(.fini)
 .fini          0x08008a64        0x4 e:/7a6437206436de97/drive/projetos pessoais/temporizador/programa/gcc-arm-none-eabi-win32/bin/../lib/gcc/arm-none-eabi/5.4.1/armv7-m/crti.o
                0x08008a64                _fini
 .fini          0x08008a68        0x8 e:/7a6437206436de97/drive/projetos pessoais/temporizador/programa/gcc-arm-none-eabi-win32/bin/../lib/gcc/arm-none-eabi/5.4.1/armv7-m/crtn.o
                0x08008a70                . = ALIGN (0x4)
                0x08008a70                _etext = .

.vfp11_veneer   0x08008a70        0x0
 .vfp11_veneer  0x08008a70        0x0 linker stubs

.v4_bx          0x08008a70        0x0
 .v4_bx         0x08008a70        0x0 linker stubs

.iplt           0x08008a70        0x0
 .iplt          0x08008a70        0x0 e:/7a6437206436de97/drive/projetos pessoais/temporizador/programa/gcc-arm-none-eabi-win32/bin/../lib/gcc/arm-none-eabi/5.4.1/armv7-m/crtbegin.o

.rodata         0x08008a70      0x30c
                0x08008a70                . = ALIGN (0x4)
 *(.rodata)
 .rodata        0x08008a70       0x3c src\main.o
                0x08008a70                disps
                0x08008a80                dispd
 *(.rodata*)
 .rodata.str1.4
                0x08008aac       0x1b src\main.o
 *fill*         0x08008ac7        0x1 
 .rodata.str1.4
                0x08008ac8       0x22 src\newlib_stubs.o
 *fill*         0x08008aea        0x2 
 .rodata._global_impure_ptr
                0x08008aec        0x4 e:/7a6437206436de97/drive/projetos pessoais/temporizador/programa/gcc-arm-none-eabi-win32/bin/../lib/gcc/arm-none-eabi/5.4.1/../../../../arm-none-eabi/lib/armv7-m\libc.a(lib_a-impure.o)
                0x08008aec                _global_impure_ptr
 .rodata.zeroes.7271
                0x08008af0       0x10 e:/7a6437206436de97/drive/projetos pessoais/temporizador/programa/gcc-arm-none-eabi-win32/bin/../lib/gcc/arm-none-eabi/5.4.1/../../../../arm-none-eabi/lib/armv7-m\libc.a(lib_a-vfprintf.o)
 .rodata.str1.4
                0x08008b00       0x42 e:/7a6437206436de97/drive/projetos pessoais/temporizador/programa/gcc-arm-none-eabi-win32/bin/../lib/gcc/arm-none-eabi/5.4.1/../../../../arm-none-eabi/lib/armv7-m\libc.a(lib_a-vfprintf.o)
 *fill*         0x08008b42        0x2 
 .rodata.blanks.7270
                0x08008b44       0x10 e:/7a6437206436de97/drive/projetos pessoais/temporizador/programa/gcc-arm-none-eabi-win32/bin/../lib/gcc/arm-none-eabi/5.4.1/../../../../arm-none-eabi/lib/armv7-m\libc.a(lib_a-vfprintf.o)
 .rodata.str1.4
                0x08008b54       0x10 e:/7a6437206436de97/drive/projetos pessoais/temporizador/programa/gcc-arm-none-eabi-win32/bin/../lib/gcc/arm-none-eabi/5.4.1/../../../../arm-none-eabi/lib/armv7-m\libc.a(lib_a-dtoa.o)
                                 0x12 (size before relaxing)
 *fill*         0x08008b64        0x4 
 .rodata.__mprec_tens
                0x08008b68       0xc8 e:/7a6437206436de97/drive/projetos pessoais/temporizador/programa/gcc-arm-none-eabi-win32/bin/../lib/gcc/arm-none-eabi/5.4.1/../../../../arm-none-eabi/lib/armv7-m\libc.a(lib_a-mprec.o)
                0x08008b68                __mprec_tens
 .rodata.p05.6085
                0x08008c30        0xc e:/7a6437206436de97/drive/projetos pessoais/temporizador/programa/gcc-arm-none-eabi-win32/bin/../lib/gcc/arm-none-eabi/5.4.1/../../../../arm-none-eabi/lib/armv7-m\libc.a(lib_a-mprec.o)
 *fill*         0x08008c3c        0x4 
 .rodata.__mprec_bigtens
                0x08008c40       0x28 e:/7a6437206436de97/drive/projetos pessoais/temporizador/programa/gcc-arm-none-eabi-win32/bin/../lib/gcc/arm-none-eabi/5.4.1/../../../../arm-none-eabi/lib/armv7-m\libc.a(lib_a-mprec.o)
                0x08008c40                __mprec_bigtens
 .rodata.str1.4
                0x08008c68       0x10 e:/7a6437206436de97/drive/projetos pessoais/temporizador/programa/gcc-arm-none-eabi-win32/bin/../lib/gcc/arm-none-eabi/5.4.1/../../../../arm-none-eabi/lib/armv7-m\libc.a(lib_a-locale.o)
                                 0x12 (size before relaxing)
 .rodata._ctype_
                0x08008c78      0x101 e:/7a6437206436de97/drive/projetos pessoais/temporizador/programa/gcc-arm-none-eabi-win32/bin/../lib/gcc/arm-none-eabi/5.4.1/../../../../arm-none-eabi/lib/armv7-m\libc.a(lib_a-ctype_.o)
                0x08008c78                _ctype_
                0x08008d7c                . = ALIGN (0x4)
 *fill*         0x08008d79        0x3 

.ARM.extab
 *(.ARM.extab* .gnu.linkonce.armextab.*)

.ARM            0x08008d7c        0x8
                0x08008d7c                __exidx_start = .
 *(.ARM.exidx*)
 .ARM.exidx     0x08008d7c        0x8 e:/7a6437206436de97/drive/projetos pessoais/temporizador/programa/gcc-arm-none-eabi-win32/bin/../lib/gcc/arm-none-eabi/5.4.1/armv7-m\libgcc.a(_udivmoddi4.o)
                0x08008d84                __exidx_end = .

.rel.dyn        0x08008d84        0x0
 .rel.iplt      0x08008d84        0x0 e:/7a6437206436de97/drive/projetos pessoais/temporizador/programa/gcc-arm-none-eabi-win32/bin/../lib/gcc/arm-none-eabi/5.4.1/armv7-m/crtbegin.o

.preinit_array  0x08008d84        0x0
                0x08008d84                PROVIDE (__preinit_array_start, .)
 *(.preinit_array*)
                0x08008d84                PROVIDE (__preinit_array_end, .)

.init_array     0x08008d84        0x8
                0x08008d84                PROVIDE (__init_array_start, .)
 *(SORT(.init_array.*))
 .init_array.00000
                0x08008d84        0x4 e:/7a6437206436de97/drive/projetos pessoais/temporizador/programa/gcc-arm-none-eabi-win32/bin/../lib/gcc/arm-none-eabi/5.4.1/../../../../arm-none-eabi/lib/armv7-m\libc.a(lib_a-__call_atexit.o)
 *(.init_array*)
 .init_array    0x08008d88        0x4 e:/7a6437206436de97/drive/projetos pessoais/temporizador/programa/gcc-arm-none-eabi-win32/bin/../lib/gcc/arm-none-eabi/5.4.1/armv7-m/crtbegin.o
                0x08008d8c                PROVIDE (__init_array_end, .)

.fini_array     0x08008d8c        0x4
                0x08008d8c                PROVIDE (__fini_array_start, .)
 *(SORT(.fini_array.*))
 *(.fini_array*)
 .fini_array    0x08008d8c        0x4 e:/7a6437206436de97/drive/projetos pessoais/temporizador/programa/gcc-arm-none-eabi-win32/bin/../lib/gcc/arm-none-eabi/5.4.1/armv7-m/crtbegin.o
                0x08008d90                PROVIDE (__fini_array_end, .)
                0x08008d90                _sidata = LOADADDR (.data)

.data           0x20000000      0x9d8 load address 0x08008d90
                0x20000000                . = ALIGN (0x4)
                0x20000000                _sdata = .
 *(.data)
 .data          0x20000000        0x2 src\main.o
                0x20000000                secondsp
 *fill*         0x20000002        0x2 
 .data          0x20000004       0x14 src\stm32\stm32f10x_rcc.o
 .data          0x20000018       0x14 src\system_stm32f10x.o
                0x20000018                AHBPrescTable
                0x20000028                SystemCoreClock
 *(.data*)
 *fill*         0x2000002c        0x4 
 .data.impure_data
                0x20000030      0x428 e:/7a6437206436de97/drive/projetos pessoais/temporizador/programa/gcc-arm-none-eabi-win32/bin/../lib/gcc/arm-none-eabi/5.4.1/../../../../arm-none-eabi/lib/armv7-m\libc.a(lib_a-impure.o)
 .data._impure_ptr
                0x20000458        0x4 e:/7a6437206436de97/drive/projetos pessoais/temporizador/programa/gcc-arm-none-eabi-win32/bin/../lib/gcc/arm-none-eabi/5.4.1/../../../../arm-none-eabi/lib/armv7-m\libc.a(lib_a-impure.o)
                0x20000458                _impure_ptr
 .data.__malloc_av_
                0x2000045c      0x408 e:/7a6437206436de97/drive/projetos pessoais/temporizador/programa/gcc-arm-none-eabi-win32/bin/../lib/gcc/arm-none-eabi/5.4.1/../../../../arm-none-eabi/lib/armv7-m\libc.a(lib_a-mallocr.o)
                0x2000045c                __malloc_av_
 .data.__malloc_trim_threshold
                0x20000864        0x4 e:/7a6437206436de97/drive/projetos pessoais/temporizador/programa/gcc-arm-none-eabi-win32/bin/../lib/gcc/arm-none-eabi/5.4.1/../../../../arm-none-eabi/lib/armv7-m\libc.a(lib_a-mallocr.o)
                0x20000864                __malloc_trim_threshold
 .data.__malloc_sbrk_base
                0x20000868        0x4 e:/7a6437206436de97/drive/projetos pessoais/temporizador/programa/gcc-arm-none-eabi-win32/bin/../lib/gcc/arm-none-eabi/5.4.1/../../../../arm-none-eabi/lib/armv7-m\libc.a(lib_a-mallocr.o)
                0x20000868                __malloc_sbrk_base
 .data.__global_locale
                0x2000086c      0x16c e:/7a6437206436de97/drive/projetos pessoais/temporizador/programa/gcc-arm-none-eabi-win32/bin/../lib/gcc/arm-none-eabi/5.4.1/../../../../arm-none-eabi/lib/armv7-m\libc.a(lib_a-locale.o)
                0x2000086c                __global_locale
                0x200009d8                . = ALIGN (0x4)
                0x200009d8                _edata = .

.jcr            0x200009d8        0x0 load address 0x08009768
 .jcr           0x200009d8        0x0 e:/7a6437206436de97/drive/projetos pessoais/temporizador/programa/gcc-arm-none-eabi-win32/bin/../lib/gcc/arm-none-eabi/5.4.1/armv7-m/crtbegin.o

.igot.plt       0x200009d8        0x0 load address 0x08009768
 .igot.plt      0x200009d8        0x0 e:/7a6437206436de97/drive/projetos pessoais/temporizador/programa/gcc-arm-none-eabi-win32/bin/../lib/gcc/arm-none-eabi/5.4.1/armv7-m/crtbegin.o
                0x200009d8                . = ALIGN (0x4)

.bss            0x200009d8       0x74 load address 0x08009768
                0x200009d8                _sbss = .
                0x200009d8                __bss_start__ = _sbss
 *(.bss)
 .bss           0x200009d8       0x1c e:/7a6437206436de97/drive/projetos pessoais/temporizador/programa/gcc-arm-none-eabi-win32/bin/../lib/gcc/arm-none-eabi/5.4.1/armv7-m/crtbegin.o
 .bss           0x200009f4        0xc src\main.o
                0x200009f4                seconds
                0x200009f6                flag_p
                0x200009f8                vet_dispi
                0x200009fa                flag_i
                0x200009fc                flag_cnt
                0x200009fe                flag_a
 .bss           0x20000a00        0x8 src\newlib_stubs.o
                0x20000a04                __env
 *(.bss*)
 .bss.__malloc_max_total_mem
                0x20000a08        0x4 e:/7a6437206436de97/drive/projetos pessoais/temporizador/programa/gcc-arm-none-eabi-win32/bin/../lib/gcc/arm-none-eabi/5.4.1/../../../../arm-none-eabi/lib/armv7-m\libc.a(lib_a-mallocr.o)
                0x20000a08                __malloc_max_total_mem
 .bss.__malloc_max_sbrked_mem
                0x20000a0c        0x4 e:/7a6437206436de97/drive/projetos pessoais/temporizador/programa/gcc-arm-none-eabi-win32/bin/../lib/gcc/arm-none-eabi/5.4.1/../../../../arm-none-eabi/lib/armv7-m\libc.a(lib_a-mallocr.o)
                0x20000a0c                __malloc_max_sbrked_mem
 .bss.__malloc_top_pad
                0x20000a10        0x4 e:/7a6437206436de97/drive/projetos pessoais/temporizador/programa/gcc-arm-none-eabi-win32/bin/../lib/gcc/arm-none-eabi/5.4.1/../../../../arm-none-eabi/lib/armv7-m\libc.a(lib_a-mallocr.o)
                0x20000a10                __malloc_top_pad
 .bss.__malloc_current_mallinfo
                0x20000a14       0x28 e:/7a6437206436de97/drive/projetos pessoais/temporizador/programa/gcc-arm-none-eabi-win32/bin/../lib/gcc/arm-none-eabi/5.4.1/../../../../arm-none-eabi/lib/armv7-m\libc.a(lib_a-mallocr.o)
                0x20000a14                __malloc_current_mallinfo
 *(COMMON)
 COMMON         0x20000a3c        0x4 src\conf.o
                0x20000a3c                NVIC_InitStructure
 COMMON         0x20000a40        0x8 src\main.o
                0x20000a40                start_pisca
                0x20000a44                vet_disp
 COMMON         0x20000a48        0x4 e:/7a6437206436de97/drive/projetos pessoais/temporizador/programa/gcc-arm-none-eabi-win32/bin/../lib/gcc/arm-none-eabi/5.4.1/../../../../arm-none-eabi/lib/armv7-m\libc.a(lib_a-reent.o)
                0x20000a48                errno
                0x20000a4c                . = ALIGN (0x4)
                0x20000a4c                _ebss = .
                0x20000a4c                __bss_end__ = _ebss

._user_heap_stack
                0x20000a4c       0x80 load address 0x08009768
                0x20000a4c                . = ALIGN (0x4)
                [!provide]                PROVIDE (end, .)
                [!provide]                PROVIDE (_end, .)
                0x20000a4c                . = (. + _Min_Heap_Size)
                0x20000acc                . = (. + _Min_Stack_Size)
 *fill*         0x20000a4c       0x80 
                0x20000acc                . = ALIGN (0x4)

.memory_b1_text
 *(.mb1text)
 *(.mb1text*)
 *(.mb1rodata)
 *(.mb1rodata*)

/DISCARD/
 libc.a(*)
 libm.a(*)
 libgcc.a(*)

.ARM.attributes
                0x00000000       0x29
 *(.ARM.attributes)
 .ARM.attributes
                0x00000000       0x1d e:/7a6437206436de97/drive/projetos pessoais/temporizador/programa/gcc-arm-none-eabi-win32/bin/../lib/gcc/arm-none-eabi/5.4.1/armv7-m/crti.o
 .ARM.attributes
                0x0000001d       0x2d e:/7a6437206436de97/drive/projetos pessoais/temporizador/programa/gcc-arm-none-eabi-win32/bin/../lib/gcc/arm-none-eabi/5.4.1/armv7-m/crtbegin.o
 .ARM.attributes
                0x0000004a       0x33 src\conf.o
 .ARM.attributes
                0x0000007d       0x33 src\main.o
 .ARM.attributes
                0x000000b0       0x33 src\newlib_stubs.o
 .ARM.attributes
                0x000000e3       0x21 src\startup_stm32f10x_md_vl.o
 .ARM.attributes
                0x00000104       0x33 src\stm32\misc.o
 .ARM.attributes
                0x00000137       0x33 src\stm32\stm32f10x_adc.o
 .ARM.attributes
                0x0000016a       0x33 src\stm32\stm32f10x_exti.o
 .ARM.attributes
                0x0000019d       0x33 src\stm32\stm32f10x_gpio.o
 .ARM.attributes
                0x000001d0       0x33 src\stm32\stm32f10x_rcc.o
 .ARM.attributes
                0x00000203       0x33 src\stm32\stm32f10x_tim.o
 .ARM.attributes
                0x00000236       0x33 src\stm32\stm32f10x_usart.o
 .ARM.attributes
                0x00000269       0x33 src\stm32f1xx_it.o
 .ARM.attributes
                0x0000029c       0x33 src\system_stm32f10x.o
 .ARM.attributes
                0x000002cf       0x2d e:/7a6437206436de97/drive/projetos pessoais/temporizador/programa/gcc-arm-none-eabi-win32/bin/../lib/gcc/arm-none-eabi/5.4.1/../../../../arm-none-eabi/lib/armv7-m\libc.a(lib_a-errno.o)
 .ARM.attributes
                0x000002fc       0x2d e:/7a6437206436de97/drive/projetos pessoais/temporizador/programa/gcc-arm-none-eabi-win32/bin/../lib/gcc/arm-none-eabi/5.4.1/../../../../arm-none-eabi/lib/armv7-m\libc.a(lib_a-impure.o)
 .ARM.attributes
                0x00000329       0x2d e:/7a6437206436de97/drive/projetos pessoais/temporizador/programa/gcc-arm-none-eabi-win32/bin/../lib/gcc/arm-none-eabi/5.4.1/../../../../arm-none-eabi/lib/armv7-m\libc.a(lib_a-init.o)
 .ARM.attributes
                0x00000356       0x2d e:/7a6437206436de97/drive/projetos pessoais/temporizador/programa/gcc-arm-none-eabi-win32/bin/../lib/gcc/arm-none-eabi/5.4.1/../../../../arm-none-eabi/lib/armv7-m\libc.a(lib_a-memset.o)
 .ARM.attributes
                0x00000383       0x2d e:/7a6437206436de97/drive/projetos pessoais/temporizador/programa/gcc-arm-none-eabi-win32/bin/../lib/gcc/arm-none-eabi/5.4.1/../../../../arm-none-eabi/lib/armv7-m\libc.a(lib_a-printf.o)
 .ARM.attributes
                0x000003b0       0x2d e:/7a6437206436de97/drive/projetos pessoais/temporizador/programa/gcc-arm-none-eabi-win32/bin/../lib/gcc/arm-none-eabi/5.4.1/../../../../arm-none-eabi/lib/armv7-m\libc.a(lib_a-setvbuf.o)
 .ARM.attributes
                0x000003dd       0x2d e:/7a6437206436de97/drive/projetos pessoais/temporizador/programa/gcc-arm-none-eabi-win32/bin/../lib/gcc/arm-none-eabi/5.4.1/../../../../arm-none-eabi/lib/armv7-m\libc.a(lib_a-vfprintf.o)
 .ARM.attributes
                0x0000040a       0x2d e:/7a6437206436de97/drive/projetos pessoais/temporizador/programa/gcc-arm-none-eabi-win32/bin/../lib/gcc/arm-none-eabi/5.4.1/../../../../arm-none-eabi/lib/armv7-m\libc.a(lib_a-wsetup.o)
 .ARM.attributes
                0x00000437       0x2d e:/7a6437206436de97/drive/projetos pessoais/temporizador/programa/gcc-arm-none-eabi-win32/bin/../lib/gcc/arm-none-eabi/5.4.1/../../../../arm-none-eabi/lib/armv7-m\libc.a(lib_a-__call_atexit.o)
 .ARM.attributes
                0x00000464       0x2d e:/7a6437206436de97/drive/projetos pessoais/temporizador/programa/gcc-arm-none-eabi-win32/bin/../lib/gcc/arm-none-eabi/5.4.1/../../../../arm-none-eabi/lib/armv7-m\libc.a(lib_a-atexit.o)
 .ARM.attributes
                0x00000491       0x2d e:/7a6437206436de97/drive/projetos pessoais/temporizador/programa/gcc-arm-none-eabi-win32/bin/../lib/gcc/arm-none-eabi/5.4.1/../../../../arm-none-eabi/lib/armv7-m\libc.a(lib_a-dtoa.o)
 .ARM.attributes
                0x000004be       0x2d e:/7a6437206436de97/drive/projetos pessoais/temporizador/programa/gcc-arm-none-eabi-win32/bin/../lib/gcc/arm-none-eabi/5.4.1/../../../../arm-none-eabi/lib/armv7-m\libc.a(lib_a-fflush.o)
 .ARM.attributes
                0x000004eb       0x2d e:/7a6437206436de97/drive/projetos pessoais/temporizador/programa/gcc-arm-none-eabi-win32/bin/../lib/gcc/arm-none-eabi/5.4.1/../../../../arm-none-eabi/lib/armv7-m\libc.a(lib_a-findfp.o)
 .ARM.attributes
                0x00000518       0x2d e:/7a6437206436de97/drive/projetos pessoais/temporizador/programa/gcc-arm-none-eabi-win32/bin/../lib/gcc/arm-none-eabi/5.4.1/../../../../arm-none-eabi/lib/armv7-m\libc.a(lib_a-fini.o)
 .ARM.attributes
                0x00000545       0x2d e:/7a6437206436de97/drive/projetos pessoais/temporizador/programa/gcc-arm-none-eabi-win32/bin/../lib/gcc/arm-none-eabi/5.4.1/../../../../arm-none-eabi/lib/armv7-m\libc.a(lib_a-freer.o)
 .ARM.attributes
                0x00000572       0x2d e:/7a6437206436de97/drive/projetos pessoais/temporizador/programa/gcc-arm-none-eabi-win32/bin/../lib/gcc/arm-none-eabi/5.4.1/../../../../arm-none-eabi/lib/armv7-m\libc.a(lib_a-fwalk.o)
 .ARM.attributes
                0x0000059f       0x2d e:/7a6437206436de97/drive/projetos pessoais/temporizador/programa/gcc-arm-none-eabi-win32/bin/../lib/gcc/arm-none-eabi/5.4.1/../../../../arm-none-eabi/lib/armv7-m\libc.a(lib_a-localeconv.o)
 .ARM.attributes
                0x000005cc       0x2d e:/7a6437206436de97/drive/projetos pessoais/temporizador/programa/gcc-arm-none-eabi-win32/bin/../lib/gcc/arm-none-eabi/5.4.1/../../../../arm-none-eabi/lib/armv7-m\libc.a(lib_a-makebuf.o)
 .ARM.attributes
                0x000005f9       0x2d e:/7a6437206436de97/drive/projetos pessoais/temporizador/programa/gcc-arm-none-eabi-win32/bin/../lib/gcc/arm-none-eabi/5.4.1/../../../../arm-none-eabi/lib/armv7-m\libc.a(lib_a-malloc.o)
 .ARM.attributes
                0x00000626       0x2d e:/7a6437206436de97/drive/projetos pessoais/temporizador/programa/gcc-arm-none-eabi-win32/bin/../lib/gcc/arm-none-eabi/5.4.1/../../../../arm-none-eabi/lib/armv7-m\libc.a(lib_a-mallocr.o)
 .ARM.attributes
                0x00000653       0x2d e:/7a6437206436de97/drive/projetos pessoais/temporizador/programa/gcc-arm-none-eabi-win32/bin/../lib/gcc/arm-none-eabi/5.4.1/../../../../arm-none-eabi/lib/armv7-m\libc.a(lib_a-memchr-stub.o)
 .ARM.attributes
                0x00000680       0x1b e:/7a6437206436de97/drive/projetos pessoais/temporizador/programa/gcc-arm-none-eabi-win32/bin/../lib/gcc/arm-none-eabi/5.4.1/../../../../arm-none-eabi/lib/armv7-m\libc.a(lib_a-memcpy.o)
 .ARM.attributes
                0x0000069b       0x2d e:/7a6437206436de97/drive/projetos pessoais/temporizador/programa/gcc-arm-none-eabi-win32/bin/../lib/gcc/arm-none-eabi/5.4.1/../../../../arm-none-eabi/lib/armv7-m\libc.a(lib_a-mlock.o)
 .ARM.attributes
                0x000006c8       0x2d e:/7a6437206436de97/drive/projetos pessoais/temporizador/programa/gcc-arm-none-eabi-win32/bin/../lib/gcc/arm-none-eabi/5.4.1/../../../../arm-none-eabi/lib/armv7-m\libc.a(lib_a-mprec.o)
 .ARM.attributes
                0x000006f5       0x2d e:/7a6437206436de97/drive/projetos pessoais/temporizador/programa/gcc-arm-none-eabi-win32/bin/../lib/gcc/arm-none-eabi/5.4.1/../../../../arm-none-eabi/lib/armv7-m\libc.a(lib_a-sbrkr.o)
 .ARM.attributes
                0x00000722       0x2d e:/7a6437206436de97/drive/projetos pessoais/temporizador/programa/gcc-arm-none-eabi-win32/bin/../lib/gcc/arm-none-eabi/5.4.1/../../../../arm-none-eabi/lib/armv7-m\libc.a(lib_a-stdio.o)
 .ARM.attributes
                0x0000074f       0x2d e:/7a6437206436de97/drive/projetos pessoais/temporizador/programa/gcc-arm-none-eabi-win32/bin/../lib/gcc/arm-none-eabi/5.4.1/../../../../arm-none-eabi/lib/armv7-m\libc.a(lib_a-strlen-stub.o)
 .ARM.attributes
                0x0000077c       0x2d e:/7a6437206436de97/drive/projetos pessoais/temporizador/programa/gcc-arm-none-eabi-win32/bin/../lib/gcc/arm-none-eabi/5.4.1/../../../../arm-none-eabi/lib/armv7-m\libc.a(lib_a-vfiprintf.o)
 .ARM.attributes
                0x000007a9       0x2d e:/7a6437206436de97/drive/projetos pessoais/temporizador/programa/gcc-arm-none-eabi-win32/bin/../lib/gcc/arm-none-eabi/5.4.1/../../../../arm-none-eabi/lib/armv7-m\libc.a(lib_a-writer.o)
 .ARM.attributes
                0x000007d6       0x2d e:/7a6437206436de97/drive/projetos pessoais/temporizador/programa/gcc-arm-none-eabi-win32/bin/../lib/gcc/arm-none-eabi/5.4.1/../../../../arm-none-eabi/lib/armv7-m\libc.a(lib_a-__atexit.o)
 .ARM.attributes
                0x00000803       0x2d e:/7a6437206436de97/drive/projetos pessoais/temporizador/programa/gcc-arm-none-eabi-win32/bin/../lib/gcc/arm-none-eabi/5.4.1/../../../../arm-none-eabi/lib/armv7-m\libc.a(lib_a-callocr.o)
 .ARM.attributes
                0x00000830       0x2d e:/7a6437206436de97/drive/projetos pessoais/temporizador/programa/gcc-arm-none-eabi-win32/bin/../lib/gcc/arm-none-eabi/5.4.1/../../../../arm-none-eabi/lib/armv7-m\libc.a(lib_a-closer.o)
 .ARM.attributes
                0x0000085d       0x2d e:/7a6437206436de97/drive/projetos pessoais/temporizador/programa/gcc-arm-none-eabi-win32/bin/../lib/gcc/arm-none-eabi/5.4.1/../../../../arm-none-eabi/lib/armv7-m\libc.a(lib_a-fclose.o)
 .ARM.attributes
                0x0000088a       0x2d e:/7a6437206436de97/drive/projetos pessoais/temporizador/programa/gcc-arm-none-eabi-win32/bin/../lib/gcc/arm-none-eabi/5.4.1/../../../../arm-none-eabi/lib/armv7-m\libc.a(lib_a-fputwc.o)
 .ARM.attributes
                0x000008b7       0x2d e:/7a6437206436de97/drive/projetos pessoais/temporizador/programa/gcc-arm-none-eabi-win32/bin/../lib/gcc/arm-none-eabi/5.4.1/../../../../arm-none-eabi/lib/armv7-m\libc.a(lib_a-fstatr.o)
 .ARM.attributes
                0x000008e4       0x2d e:/7a6437206436de97/drive/projetos pessoais/temporizador/programa/gcc-arm-none-eabi-win32/bin/../lib/gcc/arm-none-eabi/5.4.1/../../../../arm-none-eabi/lib/armv7-m\libc.a(lib_a-fvwrite.o)
 .ARM.attributes
                0x00000911       0x2d e:/7a6437206436de97/drive/projetos pessoais/temporizador/programa/gcc-arm-none-eabi-win32/bin/../lib/gcc/arm-none-eabi/5.4.1/../../../../arm-none-eabi/lib/armv7-m\libc.a(lib_a-isattyr.o)
 .ARM.attributes
                0x0000093e       0x2d e:/7a6437206436de97/drive/projetos pessoais/temporizador/programa/gcc-arm-none-eabi-win32/bin/../lib/gcc/arm-none-eabi/5.4.1/../../../../arm-none-eabi/lib/armv7-m\libc.a(lib_a-locale.o)
 .ARM.attributes
                0x0000096b       0x2d e:/7a6437206436de97/drive/projetos pessoais/temporizador/programa/gcc-arm-none-eabi-win32/bin/../lib/gcc/arm-none-eabi/5.4.1/../../../../arm-none-eabi/lib/armv7-m\libc.a(lib_a-lseekr.o)
 .ARM.attributes
                0x00000998       0x2d e:/7a6437206436de97/drive/projetos pessoais/temporizador/programa/gcc-arm-none-eabi-win32/bin/../lib/gcc/arm-none-eabi/5.4.1/../../../../arm-none-eabi/lib/armv7-m\libc.a(lib_a-mbtowc_r.o)
 .ARM.attributes
                0x000009c5       0x2d e:/7a6437206436de97/drive/projetos pessoais/temporizador/programa/gcc-arm-none-eabi-win32/bin/../lib/gcc/arm-none-eabi/5.4.1/../../../../arm-none-eabi/lib/armv7-m\libc.a(lib_a-memmove.o)
 .ARM.attributes
                0x000009f2       0x2d e:/7a6437206436de97/drive/projetos pessoais/temporizador/programa/gcc-arm-none-eabi-win32/bin/../lib/gcc/arm-none-eabi/5.4.1/../../../../arm-none-eabi/lib/armv7-m\libc.a(lib_a-readr.o)
 .ARM.attributes
                0x00000a1f       0x2d e:/7a6437206436de97/drive/projetos pessoais/temporizador/programa/gcc-arm-none-eabi-win32/bin/../lib/gcc/arm-none-eabi/5.4.1/../../../../arm-none-eabi/lib/armv7-m\libc.a(lib_a-reallocr.o)
 .ARM.attributes
                0x00000a4c       0x2d e:/7a6437206436de97/drive/projetos pessoais/temporizador/programa/gcc-arm-none-eabi-win32/bin/../lib/gcc/arm-none-eabi/5.4.1/../../../../arm-none-eabi/lib/armv7-m\libc.a(lib_a-reent.o)
 .ARM.attributes
                0x00000a79       0x2d e:/7a6437206436de97/drive/projetos pessoais/temporizador/programa/gcc-arm-none-eabi-win32/bin/../lib/gcc/arm-none-eabi/5.4.1/../../../../arm-none-eabi/lib/armv7-m\libc.a(lib_a-wbuf.o)
 .ARM.attributes
                0x00000aa6       0x2d e:/7a6437206436de97/drive/projetos pessoais/temporizador/programa/gcc-arm-none-eabi-win32/bin/../lib/gcc/arm-none-eabi/5.4.1/../../../../arm-none-eabi/lib/armv7-m\libc.a(lib_a-wcrtomb.o)
 .ARM.attributes
                0x00000ad3       0x2d e:/7a6437206436de97/drive/projetos pessoais/temporizador/programa/gcc-arm-none-eabi-win32/bin/../lib/gcc/arm-none-eabi/5.4.1/../../../../arm-none-eabi/lib/armv7-m\libc.a(lib_a-wctomb_r.o)
 .ARM.attributes
                0x00000b00       0x2d e:/7a6437206436de97/drive/projetos pessoais/temporizador/programa/gcc-arm-none-eabi-win32/bin/../lib/gcc/arm-none-eabi/5.4.1/../../../../arm-none-eabi/lib/armv7-m\libc.a(lib_a-ctype_.o)
 .ARM.attributes
                0x00000b2d       0x1d e:/7a6437206436de97/drive/projetos pessoais/temporizador/programa/gcc-arm-none-eabi-win32/bin/../lib/gcc/arm-none-eabi/5.4.1/armv7-m\libgcc.a(_arm_addsubdf3.o)
 .ARM.attributes
                0x00000b4a       0x1d e:/7a6437206436de97/drive/projetos pessoais/temporizador/programa/gcc-arm-none-eabi-win32/bin/../lib/gcc/arm-none-eabi/5.4.1/armv7-m\libgcc.a(_arm_muldivdf3.o)
 .ARM.attributes
                0x00000b67       0x1d e:/7a6437206436de97/drive/projetos pessoais/temporizador/programa/gcc-arm-none-eabi-win32/bin/../lib/gcc/arm-none-eabi/5.4.1/armv7-m\libgcc.a(_arm_cmpdf2.o)
 .ARM.attributes
                0x00000b84       0x1d e:/7a6437206436de97/drive/projetos pessoais/temporizador/programa/gcc-arm-none-eabi-win32/bin/../lib/gcc/arm-none-eabi/5.4.1/armv7-m\libgcc.a(_arm_unorddf2.o)
 .ARM.attributes
                0x00000ba1       0x1d e:/7a6437206436de97/drive/projetos pessoais/temporizador/programa/gcc-arm-none-eabi-win32/bin/../lib/gcc/arm-none-eabi/5.4.1/armv7-m\libgcc.a(_arm_fixdfsi.o)
 .ARM.attributes
                0x00000bbe       0x1d e:/7a6437206436de97/drive/projetos pessoais/temporizador/programa/gcc-arm-none-eabi-win32/bin/../lib/gcc/arm-none-eabi/5.4.1/armv7-m\libgcc.a(_aeabi_uldivmod.o)
 .ARM.attributes
                0x00000bdb       0x2d e:/7a6437206436de97/drive/projetos pessoais/temporizador/programa/gcc-arm-none-eabi-win32/bin/../lib/gcc/arm-none-eabi/5.4.1/armv7-m\libgcc.a(_udivmoddi4.o)
 .ARM.attributes
                0x00000c08       0x1d e:/7a6437206436de97/drive/projetos pessoais/temporizador/programa/gcc-arm-none-eabi-win32/bin/../lib/gcc/arm-none-eabi/5.4.1/armv7-m\libgcc.a(_dvmd_tls.o)
 .ARM.attributes
                0x00000c25       0x1d e:/7a6437206436de97/drive/projetos pessoais/temporizador/programa/gcc-arm-none-eabi-win32/bin/../lib/gcc/arm-none-eabi/5.4.1/armv7-m/crtn.o
OUTPUT(temporizador elf32-littlearm)

.debug_info     0x00000000     0x8a5f
 .debug_info    0x00000000     0x1bc5 src\conf.o
 .debug_info    0x00001bc5      0x832 src\main.o
 .debug_info    0x000023f7      0x97d src\newlib_stubs.o
 .debug_info    0x00002d74      0x564 src\stm32\misc.o
 .debug_info    0x000032d8      0xc2f src\stm32\stm32f10x_adc.o
 .debug_info    0x00003f07      0x34b src\stm32\stm32f10x_exti.o
 .debug_info    0x00004252      0x897 src\stm32\stm32f10x_gpio.o
 .debug_info    0x00004ae9      0x94a src\stm32\stm32f10x_rcc.o
 .debug_info    0x00005433     0x2539 src\stm32\stm32f10x_tim.o
 .debug_info    0x0000796c      0xb2e src\stm32\stm32f10x_usart.o
 .debug_info    0x0000849a       0xf9 src\stm32f1xx_it.o
 .debug_info    0x00008593      0x4cc src\system_stm32f10x.o

.debug_abbrev   0x00000000     0x1880
 .debug_abbrev  0x00000000      0x34c src\conf.o
 .debug_abbrev  0x0000034c      0x23a src\main.o
 .debug_abbrev  0x00000586      0x2f6 src\newlib_stubs.o
 .debug_abbrev  0x0000087c      0x15b src\stm32\misc.o
 .debug_abbrev  0x000009d7      0x1eb src\stm32\stm32f10x_adc.o
 .debug_abbrev  0x00000bc2      0x1a4 src\stm32\stm32f10x_exti.o
 .debug_abbrev  0x00000d66      0x205 src\stm32\stm32f10x_gpio.o
 .debug_abbrev  0x00000f6b      0x273 src\stm32\stm32f10x_rcc.o
 .debug_abbrev  0x000011de      0x2b8 src\stm32\stm32f10x_tim.o
 .debug_abbrev  0x00001496      0x1e9 src\stm32\stm32f10x_usart.o
 .debug_abbrev  0x0000167f       0x8e src\stm32f1xx_it.o
 .debug_abbrev  0x0000170d      0x173 src\system_stm32f10x.o

.debug_loc      0x00000000     0x5e9e
 .debug_loc     0x00000000       0xd1 src\conf.o
 .debug_loc     0x000000d1      0x243 src\main.o
 .debug_loc     0x00000314      0x507 src\newlib_stubs.o
 .debug_loc     0x0000081b      0x193 src\stm32\misc.o
 .debug_loc     0x000009ae      0x9cd src\stm32\stm32f10x_adc.o
 .debug_loc     0x0000137b      0x1dc src\stm32\stm32f10x_exti.o
 .debug_loc     0x00001557     0x1532 src\stm32\stm32f10x_gpio.o
 .debug_loc     0x00002a89      0x739 src\stm32\stm32f10x_rcc.o
 .debug_loc     0x000031c2     0x23d1 src\stm32\stm32f10x_tim.o
 .debug_loc     0x00005593      0x84f src\stm32\stm32f10x_usart.o
 .debug_loc     0x00005de2       0xbc src\system_stm32f10x.o

.debug_aranges  0x00000000      0x188
 .debug_aranges
                0x00000000       0x20 src\conf.o
 .debug_aranges
                0x00000020       0x28 src\main.o
 .debug_aranges
                0x00000048       0x20 src\newlib_stubs.o
 .debug_aranges
                0x00000068       0x20 src\stm32\misc.o
 .debug_aranges
                0x00000088       0x20 src\stm32\stm32f10x_adc.o
 .debug_aranges
                0x000000a8       0x20 src\stm32\stm32f10x_exti.o
 .debug_aranges
                0x000000c8       0x20 src\stm32\stm32f10x_gpio.o
 .debug_aranges
                0x000000e8       0x20 src\stm32\stm32f10x_rcc.o
 .debug_aranges
                0x00000108       0x20 src\stm32\stm32f10x_tim.o
 .debug_aranges
                0x00000128       0x20 src\stm32\stm32f10x_usart.o
 .debug_aranges
                0x00000148       0x20 src\stm32f1xx_it.o
 .debug_aranges
                0x00000168       0x20 src\system_stm32f10x.o

.debug_macro    0x00000000     0xf09f
 .debug_macro   0x00000000      0x27e src\conf.o
 .debug_macro   0x0000027e      0x86e src\conf.o
 .debug_macro   0x00000aec       0x63 src\conf.o
 .debug_macro   0x00000b4f       0x34 src\conf.o
 .debug_macro   0x00000b83       0x22 src\conf.o
 .debug_macro   0x00000ba5       0x87 src\conf.o
 .debug_macro   0x00000c2c       0x44 src\conf.o
 .debug_macro   0x00000c70       0xfd src\conf.o
 .debug_macro   0x00000d6d       0x5e src\conf.o
 .debug_macro   0x00000dcb      0x1df src\conf.o
 .debug_macro   0x00000faa       0x18 src\conf.o
 .debug_macro   0x00000fc2      0x663 src\conf.o
 .debug_macro   0x00001625     0x7eb3 src\conf.o
 .debug_macro   0x000094d8       0x35 src\conf.o
 .debug_macro   0x0000950d      0x2e4 src\conf.o
 .debug_macro   0x000097f1      0x14a src\conf.o
 .debug_macro   0x0000993b      0x3b0 src\conf.o
 .debug_macro   0x00009ceb       0x9d src\conf.o
 .debug_macro   0x00009d88      0x2d5 src\conf.o
 .debug_macro   0x0000a05d      0x2ad src\conf.o
 .debug_macro   0x0000a30a       0x82 src\conf.o
 .debug_macro   0x0000a38c      0x3e2 src\conf.o
 .debug_macro   0x0000a76e      0x2c4 src\conf.o
 .debug_macro   0x0000aa32      0x711 src\conf.o
 .debug_macro   0x0000b143      0x229 src\conf.o
 .debug_macro   0x0000b36c       0x8c src\conf.o
 .debug_macro   0x0000b3f8       0x16 src\conf.o
 .debug_macro   0x0000b40e       0x52 src\conf.o
 .debug_macro   0x0000b460       0x35 src\conf.o
 .debug_macro   0x0000b495       0x9c src\conf.o
 .debug_macro   0x0000b531       0x16 src\conf.o
 .debug_macro   0x0000b547       0x97 src\conf.o
 .debug_macro   0x0000b5de      0x30d src\conf.o
 .debug_macro   0x0000b8eb       0xfd src\conf.o
 .debug_macro   0x0000b9e8       0x10 src\conf.o
 .debug_macro   0x0000b9f8       0x52 src\conf.o
 .debug_macro   0x0000ba4a       0x1f src\conf.o
 .debug_macro   0x0000ba69       0x43 src\conf.o
 .debug_macro   0x0000baac       0x20 src\conf.o
 .debug_macro   0x0000bacc      0x187 src\conf.o
 .debug_macro   0x0000bc53       0x10 src\conf.o
 .debug_macro   0x0000bc63       0x1c src\conf.o
 .debug_macro   0x0000bc7f       0x52 src\conf.o
 .debug_macro   0x0000bcd1       0x40 src\conf.o
 .debug_macro   0x0000bd11       0x10 src\conf.o
 .debug_macro   0x0000bd21       0x40 src\conf.o
 .debug_macro   0x0000bd61       0xd7 src\conf.o
 .debug_macro   0x0000be38       0x16 src\conf.o
 .debug_macro   0x0000be4e      0x18b src\conf.o
 .debug_macro   0x0000bfd9      0x351 src\main.o
 .debug_macro   0x0000c32a       0x16 src\main.o
 .debug_macro   0x0000c340       0x16 src\main.o
 .debug_macro   0x0000c356       0x16 src\main.o
 .debug_macro   0x0000c36c       0x29 src\main.o
 .debug_macro   0x0000c395      0x2bf src\newlib_stubs.o
 .debug_macro   0x0000c654       0x10 src\newlib_stubs.o
 .debug_macro   0x0000c664       0x4c src\newlib_stubs.o
 .debug_macro   0x0000c6b0       0x8d src\newlib_stubs.o
 .debug_macro   0x0000c73d       0x4a src\newlib_stubs.o
 .debug_macro   0x0000c787      0x23b src\newlib_stubs.o
 .debug_macro   0x0000c9c2       0x10 src\newlib_stubs.o
 .debug_macro   0x0000c9d2       0x10 src\newlib_stubs.o
 .debug_macro   0x0000c9e2       0x10 src\newlib_stubs.o
 .debug_macro   0x0000c9f2       0x35 src\newlib_stubs.o
 .debug_macro   0x0000ca27      0x122 src\newlib_stubs.o
 .debug_macro   0x0000cb49       0x16 src\newlib_stubs.o
 .debug_macro   0x0000cb5f      0x513 src\newlib_stubs.o
 .debug_macro   0x0000d072      0x223 src\newlib_stubs.o
 .debug_macro   0x0000d295      0x13a src\stm32\misc.o
 .debug_macro   0x0000d3cf       0x86 src\stm32\misc.o
 .debug_macro   0x0000d455      0x232 src\stm32\stm32f10x_adc.o
 .debug_macro   0x0000d687      0x144 src\stm32\stm32f10x_adc.o
 .debug_macro   0x0000d7cb      0x13a src\stm32\stm32f10x_exti.o
 .debug_macro   0x0000d905       0x97 src\stm32\stm32f10x_exti.o
 .debug_macro   0x0000d99c      0x182 src\stm32\stm32f10x_gpio.o
 .debug_macro   0x0000db1e      0x2a7 src\stm32\stm32f10x_gpio.o
 .debug_macro   0x0000ddc5      0x254 src\stm32\stm32f10x_rcc.o
 .debug_macro   0x0000e019      0x3dc src\stm32\stm32f10x_rcc.o
 .debug_macro   0x0000e3f5      0x14c src\stm32\stm32f10x_tim.o
 .debug_macro   0x0000e541      0x70b src\stm32\stm32f10x_tim.o
 .debug_macro   0x0000ec4c      0x1e8 src\stm32\stm32f10x_usart.o
 .debug_macro   0x0000ee34      0x134 src\stm32f1xx_it.o
 .debug_macro   0x0000ef68      0x137 src\system_stm32f10x.o

.debug_line     0x00000000     0x4b84
 .debug_line    0x00000000      0x6f8 src\conf.o
 .debug_line    0x000006f8      0x70d src\main.o
 .debug_line    0x00000e05      0x6a7 src\newlib_stubs.o
 .debug_line    0x000014ac      0x4c5 src\stm32\misc.o
 .debug_line    0x00001971      0x60c src\stm32\stm32f10x_adc.o
 .debug_line    0x00001f7d      0x4e3 src\stm32\stm32f10x_exti.o
 .debug_line    0x00002460      0x671 src\stm32\stm32f10x_gpio.o
 .debug_line    0x00002ad1      0x5df src\stm32\stm32f10x_rcc.o
 .debug_line    0x000030b0      0xb45 src\stm32\stm32f10x_tim.o
 .debug_line    0x00003bf5      0x5e8 src\stm32\stm32f10x_usart.o
 .debug_line    0x000041dd      0x4a5 src\stm32f1xx_it.o
 .debug_line    0x00004682      0x502 src\system_stm32f10x.o

.debug_str      0x00000000    0x4d2bb
 .debug_str     0x00000000    0x4856f src\conf.o
                              0x487c4 (size before relaxing)
 .debug_str     0x0004856f      0x3bc src\main.o
                              0x47f6e (size before relaxing)
 .debug_str     0x0004892b     0x1af0 src\newlib_stubs.o
                              0x48dc9 (size before relaxing)
 .debug_str     0x0004a41b      0x161 src\stm32\misc.o
                              0x44025 (size before relaxing)
 .debug_str     0x0004a57c      0xa27 src\stm32\stm32f10x_adc.o
                              0x4498a (size before relaxing)
 .debug_str     0x0004afa3       0xdd src\stm32\stm32f10x_exti.o
                              0x43f99 (size before relaxing)
 .debug_str     0x0004b080      0x45e src\stm32\stm32f10x_gpio.o
                              0x443ae (size before relaxing)
 .debug_str     0x0004b4de      0xaf8 src\stm32\stm32f10x_rcc.o
                              0x4497d (size before relaxing)
 .debug_str     0x0004bfd6      0xa88 src\stm32\stm32f10x_tim.o
                              0x44aae (size before relaxing)
 .debug_str     0x0004ca5e      0x734 src\stm32\stm32f10x_usart.o
                              0x446e7 (size before relaxing)
 .debug_str     0x0004d192       0x7f src\stm32f1xx_it.o
                              0x43e00 (size before relaxing)
 .debug_str     0x0004d211       0xaa src\system_stm32f10x.o
                              0x43f56 (size before relaxing)

.comment        0x00000000       0x6e
 .comment       0x00000000       0x6e src\conf.o
                                 0x6f (size before relaxing)
 .comment       0x0000006e       0x6f src\main.o
 .comment       0x0000006e       0x6f src\newlib_stubs.o
 .comment       0x0000006e       0x6f src\stm32\misc.o
 .comment       0x0000006e       0x6f src\stm32\stm32f10x_adc.o
 .comment       0x0000006e       0x6f src\stm32\stm32f10x_exti.o
 .comment       0x0000006e       0x6f src\stm32\stm32f10x_gpio.o
 .comment       0x0000006e       0x6f src\stm32\stm32f10x_rcc.o
 .comment       0x0000006e       0x6f src\stm32\stm32f10x_tim.o
 .comment       0x0000006e       0x6f src\stm32\stm32f10x_usart.o
 .comment       0x0000006e       0x6f src\stm32f1xx_it.o
 .comment       0x0000006e       0x6f src\system_stm32f10x.o

.debug_frame    0x00000000     0x2630
 .debug_frame   0x00000000      0x138 src\conf.o
 .debug_frame   0x00000138       0xd4 src\main.o
 .debug_frame   0x0000020c      0x17c src\newlib_stubs.o
 .debug_frame   0x00000388       0x6c src\stm32\misc.o
 .debug_frame   0x000003f4      0x2c0 src\stm32\stm32f10x_adc.o
 .debug_frame   0x000006b4       0xb0 src\stm32\stm32f10x_exti.o
 .debug_frame   0x00000764      0x1b0 src\stm32\stm32f10x_gpio.o
 .debug_frame   0x00000914      0x224 src\stm32\stm32f10x_rcc.o
 .debug_frame   0x00000b38      0x738 src\stm32\stm32f10x_tim.o
 .debug_frame   0x00001270      0x258 src\stm32\stm32f10x_usart.o
 .debug_frame   0x000014c8       0x90 src\stm32f1xx_it.o
 .debug_frame   0x00001558       0x48 src\system_stm32f10x.o
 .debug_frame   0x000015a0       0x20 e:/7a6437206436de97/drive/projetos pessoais/temporizador/programa/gcc-arm-none-eabi-win32/bin/../lib/gcc/arm-none-eabi/5.4.1/../../../../arm-none-eabi/lib/armv7-m\libc.a(lib_a-errno.o)
 .debug_frame   0x000015c0       0x2c e:/7a6437206436de97/drive/projetos pessoais/temporizador/programa/gcc-arm-none-eabi-win32/bin/../lib/gcc/arm-none-eabi/5.4.1/../../../../arm-none-eabi/lib/armv7-m\libc.a(lib_a-init.o)
 .debug_frame   0x000015ec       0x34 e:/7a6437206436de97/drive/projetos pessoais/temporizador/programa/gcc-arm-none-eabi-win32/bin/../lib/gcc/arm-none-eabi/5.4.1/../../../../arm-none-eabi/lib/armv7-m\libc.a(lib_a-memset.o)
 .debug_frame   0x00001620       0x78 e:/7a6437206436de97/drive/projetos pessoais/temporizador/programa/gcc-arm-none-eabi-win32/bin/../lib/gcc/arm-none-eabi/5.4.1/../../../../arm-none-eabi/lib/armv7-m\libc.a(lib_a-printf.o)
 .debug_frame   0x00001698       0x50 e:/7a6437206436de97/drive/projetos pessoais/temporizador/programa/gcc-arm-none-eabi-win32/bin/../lib/gcc/arm-none-eabi/5.4.1/../../../../arm-none-eabi/lib/armv7-m\libc.a(lib_a-setvbuf.o)
 .debug_frame   0x000016e8       0x88 e:/7a6437206436de97/drive/projetos pessoais/temporizador/programa/gcc-arm-none-eabi-win32/bin/../lib/gcc/arm-none-eabi/5.4.1/../../../../arm-none-eabi/lib/armv7-m\libc.a(lib_a-vfprintf.o)
 .debug_frame   0x00001770       0x2c e:/7a6437206436de97/drive/projetos pessoais/temporizador/programa/gcc-arm-none-eabi-win32/bin/../lib/gcc/arm-none-eabi/5.4.1/../../../../arm-none-eabi/lib/armv7-m\libc.a(lib_a-wsetup.o)
 .debug_frame   0x0000179c       0x50 e:/7a6437206436de97/drive/projetos pessoais/temporizador/programa/gcc-arm-none-eabi-win32/bin/../lib/gcc/arm-none-eabi/5.4.1/../../../../arm-none-eabi/lib/armv7-m\libc.a(lib_a-__call_atexit.o)
 .debug_frame   0x000017ec       0x20 e:/7a6437206436de97/drive/projetos pessoais/temporizador/programa/gcc-arm-none-eabi-win32/bin/../lib/gcc/arm-none-eabi/5.4.1/../../../../arm-none-eabi/lib/armv7-m\libc.a(lib_a-atexit.o)
 .debug_frame   0x0000180c       0x84 e:/7a6437206436de97/drive/projetos pessoais/temporizador/programa/gcc-arm-none-eabi-win32/bin/../lib/gcc/arm-none-eabi/5.4.1/../../../../arm-none-eabi/lib/armv7-m\libc.a(lib_a-dtoa.o)
 .debug_frame   0x00001890       0x6c e:/7a6437206436de97/drive/projetos pessoais/temporizador/programa/gcc-arm-none-eabi-win32/bin/../lib/gcc/arm-none-eabi/5.4.1/../../../../arm-none-eabi/lib/armv7-m\libc.a(lib_a-fflush.o)
 .debug_frame   0x000018fc      0x124 e:/7a6437206436de97/drive/projetos pessoais/temporizador/programa/gcc-arm-none-eabi-win32/bin/../lib/gcc/arm-none-eabi/5.4.1/../../../../arm-none-eabi/lib/armv7-m\libc.a(lib_a-findfp.o)
 .debug_frame   0x00001a20       0x34 e:/7a6437206436de97/drive/projetos pessoais/temporizador/programa/gcc-arm-none-eabi-win32/bin/../lib/gcc/arm-none-eabi/5.4.1/../../../../arm-none-eabi/lib/armv7-m\libc.a(lib_a-fini.o)
 .debug_frame   0x00001a54       0x74 e:/7a6437206436de97/drive/projetos pessoais/temporizador/programa/gcc-arm-none-eabi-win32/bin/../lib/gcc/arm-none-eabi/5.4.1/../../../../arm-none-eabi/lib/armv7-m\libc.a(lib_a-freer.o)
 .debug_frame   0x00001ac8       0x54 e:/7a6437206436de97/drive/projetos pessoais/temporizador/programa/gcc-arm-none-eabi-win32/bin/../lib/gcc/arm-none-eabi/5.4.1/../../../../arm-none-eabi/lib/armv7-m\libc.a(lib_a-fwalk.o)
 .debug_frame   0x00001b1c       0x40 e:/7a6437206436de97/drive/projetos pessoais/temporizador/programa/gcc-arm-none-eabi-win32/bin/../lib/gcc/arm-none-eabi/5.4.1/../../../../arm-none-eabi/lib/armv7-m\libc.a(lib_a-localeconv.o)
 .debug_frame   0x00001b5c       0x68 e:/7a6437206436de97/drive/projetos pessoais/temporizador/programa/gcc-arm-none-eabi-win32/bin/../lib/gcc/arm-none-eabi/5.4.1/../../../../arm-none-eabi/lib/armv7-m\libc.a(lib_a-makebuf.o)
 .debug_frame   0x00001bc4       0x30 e:/7a6437206436de97/drive/projetos pessoais/temporizador/programa/gcc-arm-none-eabi-win32/bin/../lib/gcc/arm-none-eabi/5.4.1/../../../../arm-none-eabi/lib/armv7-m\libc.a(lib_a-malloc.o)
 .debug_frame   0x00001bf4       0x54 e:/7a6437206436de97/drive/projetos pessoais/temporizador/programa/gcc-arm-none-eabi-win32/bin/../lib/gcc/arm-none-eabi/5.4.1/../../../../arm-none-eabi/lib/armv7-m\libc.a(lib_a-mallocr.o)
 .debug_frame   0x00001c48       0x34 e:/7a6437206436de97/drive/projetos pessoais/temporizador/programa/gcc-arm-none-eabi-win32/bin/../lib/gcc/arm-none-eabi/5.4.1/../../../../arm-none-eabi/lib/armv7-m\libc.a(lib_a-memchr-stub.o)
 .debug_frame   0x00001c7c       0x30 e:/7a6437206436de97/drive/projetos pessoais/temporizador/programa/gcc-arm-none-eabi-win32/bin/../lib/gcc/arm-none-eabi/5.4.1/../../../../arm-none-eabi/lib/armv7-m\libc.a(lib_a-mlock.o)
 .debug_frame   0x00001cac      0x264 e:/7a6437206436de97/drive/projetos pessoais/temporizador/programa/gcc-arm-none-eabi-win32/bin/../lib/gcc/arm-none-eabi/5.4.1/../../../../arm-none-eabi/lib/armv7-m\libc.a(lib_a-mprec.o)
 .debug_frame   0x00001f10       0x2c e:/7a6437206436de97/drive/projetos pessoais/temporizador/programa/gcc-arm-none-eabi-win32/bin/../lib/gcc/arm-none-eabi/5.4.1/../../../../arm-none-eabi/lib/armv7-m\libc.a(lib_a-sbrkr.o)
 .debug_frame   0x00001f3c       0x88 e:/7a6437206436de97/drive/projetos pessoais/temporizador/programa/gcc-arm-none-eabi-win32/bin/../lib/gcc/arm-none-eabi/5.4.1/../../../../arm-none-eabi/lib/armv7-m\libc.a(lib_a-stdio.o)
 .debug_frame   0x00001fc4       0x20 e:/7a6437206436de97/drive/projetos pessoais/temporizador/programa/gcc-arm-none-eabi-win32/bin/../lib/gcc/arm-none-eabi/5.4.1/../../../../arm-none-eabi/lib/armv7-m\libc.a(lib_a-strlen-stub.o)
 .debug_frame   0x00001fe4       0xc8 e:/7a6437206436de97/drive/projetos pessoais/temporizador/programa/gcc-arm-none-eabi-win32/bin/../lib/gcc/arm-none-eabi/5.4.1/../../../../arm-none-eabi/lib/armv7-m\libc.a(lib_a-vfiprintf.o)
 .debug_frame   0x000020ac       0x2c e:/7a6437206436de97/drive/projetos pessoais/temporizador/programa/gcc-arm-none-eabi-win32/bin/../lib/gcc/arm-none-eabi/5.4.1/../../../../arm-none-eabi/lib/armv7-m\libc.a(lib_a-writer.o)
 .debug_frame   0x000020d8       0x34 e:/7a6437206436de97/drive/projetos pessoais/temporizador/programa/gcc-arm-none-eabi-win32/bin/../lib/gcc/arm-none-eabi/5.4.1/../../../../arm-none-eabi/lib/armv7-m\libc.a(lib_a-__atexit.o)
 .debug_frame   0x0000210c       0x28 e:/7a6437206436de97/drive/projetos pessoais/temporizador/programa/gcc-arm-none-eabi-win32/bin/../lib/gcc/arm-none-eabi/5.4.1/../../../../arm-none-eabi/lib/armv7-m\libc.a(lib_a-callocr.o)
 .debug_frame   0x00002134       0x2c e:/7a6437206436de97/drive/projetos pessoais/temporizador/programa/gcc-arm-none-eabi-win32/bin/../lib/gcc/arm-none-eabi/5.4.1/../../../../arm-none-eabi/lib/armv7-m\libc.a(lib_a-closer.o)
 .debug_frame   0x00002160       0x44 e:/7a6437206436de97/drive/projetos pessoais/temporizador/programa/gcc-arm-none-eabi-win32/bin/../lib/gcc/arm-none-eabi/5.4.1/../../../../arm-none-eabi/lib/armv7-m\libc.a(lib_a-fclose.o)
 .debug_frame   0x000021a4       0x88 e:/7a6437206436de97/drive/projetos pessoais/temporizador/programa/gcc-arm-none-eabi-win32/bin/../lib/gcc/arm-none-eabi/5.4.1/../../../../arm-none-eabi/lib/armv7-m\libc.a(lib_a-fputwc.o)
 .debug_frame   0x0000222c       0x2c e:/7a6437206436de97/drive/projetos pessoais/temporizador/programa/gcc-arm-none-eabi-win32/bin/../lib/gcc/arm-none-eabi/5.4.1/../../../../arm-none-eabi/lib/armv7-m\libc.a(lib_a-fstatr.o)